[2026-03-01 22:30:52,302: INFO: main: welcome to our custom log]
[2026-03-02 14:21:59,442: INFO: common: yaml file: config/config.yaml loaded successfully]
[2026-03-02 14:21:59,443: INFO: common: yaml file: params.yaml loaded successfully]
[2026-03-02 14:21:59,444: INFO: common: created directory at: artifacts]
[2026-03-02 14:21:59,445: INFO: common: created directory at: artifacts/data_ingestion]
[2026-03-02 14:21:59,445: INFO: 986331348: Downloading data from https://drive.google.com/file/d/1vlhZ5c7abUKF8xXERIw6m9Te8fW7ohw3/view?usp=sharing into file artifacts/data_ingestion/data.zip]
[2026-03-02 14:22:19,588: INFO: 986331348: Downloaded data from https://drive.google.com/file/d/1vlhZ5c7abUKF8xXERIw6m9Te8fW7ohw3/view?usp=sharing into file artifacts/data_ingestion/data.zip]
[2026-03-02 15:56:03,243: INFO: main: welcome to our custom log]
[2026-03-02 15:57:41,359: INFO: main: >>>>>> stage Data Ingestion stage started <<<<<<]
[2026-03-02 15:57:41,362: INFO: common: yaml file: config/config.yaml loaded successfully]
[2026-03-02 15:57:41,362: INFO: common: yaml file: params.yaml loaded successfully]
[2026-03-02 15:57:41,362: INFO: common: created directory at: artifacts]
[2026-03-02 15:57:41,362: INFO: common: created directory at: artifacts/data_ingestion]
[2026-03-02 15:57:41,362: INFO: data_ingestion: Downloading data from https://drive.google.com/file/d/1vlhZ5c7abUKF8xXERIw6m9Te8fW7ohw3/view?usp=sharing into file artifacts/data_ingestion/data.zip]
[2026-03-02 15:57:59,519: INFO: data_ingestion: Downloaded data from https://drive.google.com/file/d/1vlhZ5c7abUKF8xXERIw6m9Te8fW7ohw3/view?usp=sharing into file artifacts/data_ingestion/data.zip]
[2026-03-02 15:57:59,963: INFO: main: >>>>>> stage Data Ingestion stage completed <<<<<<

x==========x]
[2026-03-03 01:09:58,964: INFO: main: >>>>>> stage Data Ingestion stage started <<<<<<]
[2026-03-03 01:09:58,966: INFO: common: yaml file: config/config.yaml loaded successfully]
[2026-03-03 01:09:58,967: INFO: common: yaml file: params.yaml loaded successfully]
[2026-03-03 01:09:58,967: INFO: common: created directory at: artifacts]
[2026-03-03 01:09:58,967: INFO: common: created directory at: artifacts/data_ingestion]
[2026-03-03 01:09:58,967: INFO: data_ingestion: Downloading data from https://drive.google.com/file/d/1vlhZ5c7abUKF8xXERIw6m9Te8fW7ohw3/view?usp=sharing into file artifacts/data_ingestion/data.zip]
[2026-03-03 01:10:19,937: INFO: data_ingestion: Downloaded data from https://drive.google.com/file/d/1vlhZ5c7abUKF8xXERIw6m9Te8fW7ohw3/view?usp=sharing into file artifacts/data_ingestion/data.zip]
[2026-03-03 01:10:20,262: INFO: main: >>>>>> stage Data Ingestion stage completed <<<<<<

x==========x]
[2026-03-03 01:10:20,262: INFO: main: *******************]
[2026-03-03 01:10:20,262: INFO: main: >>>>>> stage Prepare base model started <<<<<<]
[2026-03-03 01:10:20,263: INFO: common: yaml file: config/config.yaml loaded successfully]
[2026-03-03 01:10:20,264: INFO: common: yaml file: params.yaml loaded successfully]
[2026-03-03 01:10:20,264: INFO: common: created directory at: artifacts]
[2026-03-03 01:10:20,264: INFO: common: created directory at: artifacts/prepare_base_model]
[2026-03-03 01:10:41,434: WARNING: saving_utils: Compiled the loaded model, but the compiled metrics have yet to be built. `model.compile_metrics` will be empty until you train or evaluate the model.]
[2026-03-03 01:10:41,506: WARNING: optimizer: At this time, the v2.11+ optimizer `tf.keras.optimizers.SGD` runs slowly on M1/M2 Macs, please use the legacy Keras optimizer instead, located at `tf.keras.optimizers.legacy.SGD`.]
[2026-03-03 01:10:41,507: WARNING: __init__: There is a known slowdown when using v2.11+ Keras optimizers on M1/M2 Macs. Falling back to the legacy Keras optimizer, i.e., `tf.keras.optimizers.legacy.SGD`.]
[2026-03-03 01:10:41,546: INFO: main: >>>>>> stage Prepare base model completed <<<<<<

x==========x]
[2026-03-03 14:17:59,589: INFO: main: >>>>>> stage Data Ingestion stage started <<<<<<]
[2026-03-03 14:17:59,592: INFO: common: yaml file: config/config.yaml loaded successfully]
[2026-03-03 14:17:59,593: INFO: common: yaml file: params.yaml loaded successfully]
[2026-03-03 14:17:59,593: INFO: common: created directory at: artifacts]
[2026-03-03 14:17:59,593: INFO: common: created directory at: artifacts/data_ingestion]
[2026-03-03 14:17:59,593: INFO: data_ingestion: Downloading data from https://drive.google.com/file/d/1vlhZ5c7abUKF8xXERIw6m9Te8fW7ohw3/view?usp=sharing into file artifacts/data_ingestion/data.zip]
[2026-03-03 14:18:21,484: INFO: data_ingestion: Downloaded data from https://drive.google.com/file/d/1vlhZ5c7abUKF8xXERIw6m9Te8fW7ohw3/view?usp=sharing into file artifacts/data_ingestion/data.zip]
[2026-03-03 14:18:21,817: INFO: main: >>>>>> stage Data Ingestion stage completed <<<<<<

x==========x]
[2026-03-03 14:18:21,817: INFO: main: *******************]
[2026-03-03 14:18:21,817: INFO: main: >>>>>> stage Prepare base model started <<<<<<]
[2026-03-03 14:18:21,819: INFO: common: yaml file: config/config.yaml loaded successfully]
[2026-03-03 14:18:21,820: INFO: common: yaml file: params.yaml loaded successfully]
[2026-03-03 14:18:21,820: INFO: common: created directory at: artifacts]
[2026-03-03 14:18:21,820: INFO: common: created directory at: artifacts/prepare_base_model]
[2026-03-03 14:18:22,207: WARNING: saving_utils: Compiled the loaded model, but the compiled metrics have yet to be built. `model.compile_metrics` will be empty until you train or evaluate the model.]
[2026-03-03 14:18:22,261: WARNING: optimizer: At this time, the v2.11+ optimizer `tf.keras.optimizers.SGD` runs slowly on M1/M2 Macs, please use the legacy Keras optimizer instead, located at `tf.keras.optimizers.legacy.SGD`.]
[2026-03-03 14:18:22,262: WARNING: __init__: There is a known slowdown when using v2.11+ Keras optimizers on M1/M2 Macs. Falling back to the legacy Keras optimizer, i.e., `tf.keras.optimizers.legacy.SGD`.]
[2026-03-03 14:18:22,296: INFO: main: >>>>>> stage Prepare base model completed <<<<<<

x==========x]
[2026-03-03 14:18:22,296: INFO: main: *******************]
[2026-03-03 14:18:22,296: INFO: main: >>>>>> stage Training started <<<<<<]
[2026-03-03 14:18:22,297: INFO: common: yaml file: config/config.yaml loaded successfully]
[2026-03-03 14:18:22,298: INFO: common: yaml file: params.yaml loaded successfully]
[2026-03-03 14:18:22,298: INFO: common: created directory at: artifacts]
[2026-03-03 14:18:22,298: INFO: common: created directory at: artifacts/training]
[2026-03-03 14:19:01,648: INFO: main: >>>>>> stage Training completed <<<<<<

x==========x]
[2026-04-08 11:15:43,736: INFO: main: >>>>>> stage Data Ingestion stage started <<<<<<]
[2026-04-08 11:15:43,737: INFO: common: yaml file: config/config.yaml loaded successfully]
[2026-04-08 11:15:43,738: INFO: common: yaml file: params.yaml loaded successfully]
[2026-04-08 11:15:43,738: INFO: common: created directory at: artifacts]
[2026-04-08 11:15:43,738: INFO: common: created directory at: artifacts/data_ingestion]
[2026-04-08 11:15:43,738: INFO: data_ingestion: Downloading data from https://drive.google.com/file/d/1vlhZ5c7abUKF8xXERIw6m9Te8fW7ohw3/view?usp=sharing into file artifacts/data_ingestion/data.zip]
[2026-04-08 11:16:15,622: INFO: data_ingestion: Downloaded data from https://drive.google.com/file/d/1vlhZ5c7abUKF8xXERIw6m9Te8fW7ohw3/view?usp=sharing into file artifacts/data_ingestion/data.zip]
[2026-04-08 11:16:15,883: INFO: main: >>>>>> stage Data Ingestion stage completed <<<<<<

x==========x]
[2026-04-08 11:16:15,883: INFO: main: *******************]
[2026-04-08 11:16:15,883: INFO: main: >>>>>> stage Prepare base model started <<<<<<]
[2026-04-08 11:16:15,885: INFO: common: yaml file: config/config.yaml loaded successfully]
[2026-04-08 11:16:15,885: INFO: common: yaml file: params.yaml loaded successfully]
[2026-04-08 11:16:15,885: INFO: common: created directory at: artifacts]
[2026-04-08 11:16:15,885: INFO: common: created directory at: artifacts/prepare_base_model]
[2026-04-08 11:16:16,252: WARNING: saving_utils: Compiled the loaded model, but the compiled metrics have yet to be built. `model.compile_metrics` will be empty until you train or evaluate the model.]
[2026-04-08 11:16:16,315: WARNING: optimizer: At this time, the v2.11+ optimizer `tf.keras.optimizers.SGD` runs slowly on M1/M2 Macs, please use the legacy Keras optimizer instead, located at `tf.keras.optimizers.legacy.SGD`.]
[2026-04-08 11:16:16,316: WARNING: __init__: There is a known slowdown when using v2.11+ Keras optimizers on M1/M2 Macs. Falling back to the legacy Keras optimizer, i.e., `tf.keras.optimizers.legacy.SGD`.]
[2026-04-08 11:16:16,374: INFO: main: >>>>>> stage Prepare base model completed <<<<<<

x==========x]
[2026-04-08 11:16:16,374: INFO: main: *******************]
[2026-04-08 11:16:16,374: INFO: main: >>>>>> stage Training started <<<<<<]
[2026-04-08 11:16:16,375: INFO: common: yaml file: config/config.yaml loaded successfully]
[2026-04-08 11:16:16,376: INFO: common: yaml file: params.yaml loaded successfully]
[2026-04-08 11:16:16,376: INFO: common: created directory at: artifacts]
[2026-04-08 11:16:16,376: INFO: common: created directory at: artifacts/training]
[2026-04-08 11:16:53,260: INFO: main: >>>>>> stage Training completed <<<<<<

x==========x]
[2026-04-08 11:16:53,260: INFO: main: *******************]
[2026-04-08 11:16:53,260: INFO: main: >>>>>> stage Evaluation stage started <<<<<<]
[2026-04-08 11:16:53,261: INFO: common: yaml file: config/config.yaml loaded successfully]
[2026-04-08 11:16:53,262: INFO: common: yaml file: params.yaml loaded successfully]
[2026-04-08 11:16:53,262: INFO: common: created directory at: artifacts]
[2026-04-08 11:17:05,206: INFO: common: json file saved at: scores.json]
[2026-04-08 11:17:05,207: INFO: common: json file saved at: scores.json]
[2026-04-08 11:17:05,207: INFO: main: >>>>>> stage Evaluation stage completed <<<<<<

x==========x]
[2026-04-08 11:32:59,493: INFO: main: >>>>>> stage Data Ingestion stage started <<<<<<]
[2026-04-08 11:32:59,494: INFO: common: yaml file: config/config.yaml loaded successfully]
[2026-04-08 11:32:59,495: INFO: common: yaml file: params.yaml loaded successfully]
[2026-04-08 11:32:59,495: INFO: common: created directory at: artifacts]
[2026-04-08 11:32:59,495: INFO: common: created directory at: artifacts/data_ingestion]
[2026-04-08 11:32:59,495: INFO: data_ingestion: Downloading data from https://drive.google.com/file/d/1vlhZ5c7abUKF8xXERIw6m9Te8fW7ohw3/view?usp=sharing into file artifacts/data_ingestion/data.zip]
[2026-04-08 11:33:19,645: INFO: data_ingestion: Downloaded data from https://drive.google.com/file/d/1vlhZ5c7abUKF8xXERIw6m9Te8fW7ohw3/view?usp=sharing into file artifacts/data_ingestion/data.zip]
[2026-04-08 11:33:19,960: INFO: main: >>>>>> stage Data Ingestion stage completed <<<<<<

x==========x]
[2026-04-08 11:33:19,960: INFO: main: *******************]
[2026-04-08 11:33:19,960: INFO: main: >>>>>> stage Prepare base model started <<<<<<]
[2026-04-08 11:33:19,961: INFO: common: yaml file: config/config.yaml loaded successfully]
[2026-04-08 11:33:19,962: INFO: common: yaml file: params.yaml loaded successfully]
[2026-04-08 11:33:19,962: INFO: common: created directory at: artifacts]
[2026-04-08 11:33:19,962: INFO: common: created directory at: artifacts/prepare_base_model]
[2026-04-08 11:33:20,261: WARNING: saving_utils: Compiled the loaded model, but the compiled metrics have yet to be built. `model.compile_metrics` will be empty until you train or evaluate the model.]
[2026-04-08 11:33:20,376: WARNING: optimizer: At this time, the v2.11+ optimizer `tf.keras.optimizers.SGD` runs slowly on M1/M2 Macs, please use the legacy Keras optimizer instead, located at `tf.keras.optimizers.legacy.SGD`.]
[2026-04-08 11:33:20,378: WARNING: __init__: There is a known slowdown when using v2.11+ Keras optimizers on M1/M2 Macs. Falling back to the legacy Keras optimizer, i.e., `tf.keras.optimizers.legacy.SGD`.]
[2026-04-08 11:33:20,472: INFO: main: >>>>>> stage Prepare base model completed <<<<<<

x==========x]
[2026-04-08 11:33:20,472: INFO: main: *******************]
[2026-04-08 11:33:20,472: INFO: main: >>>>>> stage Training started <<<<<<]
[2026-04-08 11:33:20,473: INFO: common: yaml file: config/config.yaml loaded successfully]
[2026-04-08 11:33:20,473: INFO: common: yaml file: params.yaml loaded successfully]
[2026-04-08 11:33:20,474: INFO: common: created directory at: artifacts]
[2026-04-08 11:33:20,474: INFO: common: created directory at: artifacts/training]
[2026-04-08 11:33:57,266: INFO: main: >>>>>> stage Training completed <<<<<<

x==========x]
[2026-04-08 11:33:57,267: INFO: main: *******************]
[2026-04-08 11:33:57,267: INFO: main: >>>>>> stage Evaluation stage started <<<<<<]
[2026-04-08 11:33:57,268: INFO: common: yaml file: config/config.yaml loaded successfully]
[2026-04-08 11:33:57,269: INFO: common: yaml file: params.yaml loaded successfully]
[2026-04-08 11:33:57,269: INFO: common: created directory at: artifacts]
[2026-04-08 11:34:09,369: INFO: common: json file saved at: scores.json]
[2026-04-08 11:34:09,370: INFO: common: json file saved at: scores.json]
[2026-04-08 11:34:09,370: INFO: main: >>>>>> stage Evaluation stage completed <<<<<<

x==========x]
[2026-04-08 11:42:26,890: INFO: main: >>>>>> stage Data Ingestion stage started <<<<<<]
[2026-04-08 11:42:26,891: INFO: common: yaml file: config/config.yaml loaded successfully]
[2026-04-08 11:42:26,892: INFO: common: yaml file: params.yaml loaded successfully]
[2026-04-08 11:42:26,892: INFO: common: created directory at: artifacts]
[2026-04-08 11:42:26,892: INFO: common: created directory at: artifacts/data_ingestion]
[2026-04-08 11:42:26,892: INFO: data_ingestion: Downloading data from https://drive.google.com/file/d/1vlhZ5c7abUKF8xXERIw6m9Te8fW7ohw3/view?usp=sharing into file artifacts/data_ingestion/data.zip]
[2026-04-08 11:42:40,174: INFO: data_ingestion: Downloaded data from https://drive.google.com/file/d/1vlhZ5c7abUKF8xXERIw6m9Te8fW7ohw3/view?usp=sharing into file artifacts/data_ingestion/data.zip]
[2026-04-08 11:42:40,473: INFO: main: >>>>>> stage Data Ingestion stage completed <<<<<<

x==========x]
[2026-04-08 11:42:40,473: INFO: main: *******************]
[2026-04-08 11:42:40,473: INFO: main: >>>>>> stage Prepare base model started <<<<<<]
[2026-04-08 11:42:40,474: INFO: common: yaml file: config/config.yaml loaded successfully]
[2026-04-08 11:42:40,475: INFO: common: yaml file: params.yaml loaded successfully]
[2026-04-08 11:42:40,475: INFO: common: created directory at: artifacts]
[2026-04-08 11:42:40,475: INFO: common: created directory at: artifacts/prepare_base_model]
[2026-04-08 11:42:40,771: WARNING: saving_utils: Compiled the loaded model, but the compiled metrics have yet to be built. `model.compile_metrics` will be empty until you train or evaluate the model.]
[2026-04-08 11:42:40,877: WARNING: optimizer: At this time, the v2.11+ optimizer `tf.keras.optimizers.SGD` runs slowly on M1/M2 Macs, please use the legacy Keras optimizer instead, located at `tf.keras.optimizers.legacy.SGD`.]
[2026-04-08 11:42:40,878: WARNING: __init__: There is a known slowdown when using v2.11+ Keras optimizers on M1/M2 Macs. Falling back to the legacy Keras optimizer, i.e., `tf.keras.optimizers.legacy.SGD`.]
[2026-04-08 11:42:41,004: INFO: main: >>>>>> stage Prepare base model completed <<<<<<

x==========x]
[2026-04-08 11:42:41,004: INFO: main: *******************]
[2026-04-08 11:42:41,004: INFO: main: >>>>>> stage Training started <<<<<<]
[2026-04-08 11:42:41,005: INFO: common: yaml file: config/config.yaml loaded successfully]
[2026-04-08 11:42:41,005: INFO: common: yaml file: params.yaml loaded successfully]
[2026-04-08 11:42:41,005: INFO: common: created directory at: artifacts]
[2026-04-08 11:42:41,005: INFO: common: created directory at: artifacts/training]
[2026-04-08 11:43:26,929: INFO: main: >>>>>> stage Data Ingestion stage started <<<<<<]
[2026-04-08 11:43:26,930: INFO: common: yaml file: config/config.yaml loaded successfully]
[2026-04-08 11:43:26,931: INFO: common: yaml file: params.yaml loaded successfully]
[2026-04-08 11:43:26,931: INFO: common: created directory at: artifacts]
[2026-04-08 11:43:26,931: INFO: common: created directory at: artifacts/data_ingestion]
[2026-04-08 11:43:26,931: INFO: data_ingestion: Downloading data from https://drive.google.com/file/d/1vlhZ5c7abUKF8xXERIw6m9Te8fW7ohw3/view?usp=sharing into file artifacts/data_ingestion/data.zip]
[2026-04-08 11:43:35,971: INFO: data_ingestion: Downloaded data from https://drive.google.com/file/d/1vlhZ5c7abUKF8xXERIw6m9Te8fW7ohw3/view?usp=sharing into file artifacts/data_ingestion/data.zip]
[2026-04-08 11:43:36,203: INFO: main: >>>>>> stage Data Ingestion stage completed <<<<<<

x==========x]
[2026-04-08 11:43:36,203: INFO: main: *******************]
[2026-04-08 11:43:36,203: INFO: main: >>>>>> stage Prepare base model started <<<<<<]
[2026-04-08 11:43:36,204: INFO: common: yaml file: config/config.yaml loaded successfully]
[2026-04-08 11:43:36,205: INFO: common: yaml file: params.yaml loaded successfully]
[2026-04-08 11:43:36,205: INFO: common: created directory at: artifacts]
[2026-04-08 11:43:36,205: INFO: common: created directory at: artifacts/prepare_base_model]
[2026-04-08 11:43:36,494: WARNING: saving_utils: Compiled the loaded model, but the compiled metrics have yet to be built. `model.compile_metrics` will be empty until you train or evaluate the model.]
[2026-04-08 11:43:36,634: WARNING: optimizer: At this time, the v2.11+ optimizer `tf.keras.optimizers.SGD` runs slowly on M1/M2 Macs, please use the legacy Keras optimizer instead, located at `tf.keras.optimizers.legacy.SGD`.]
[2026-04-08 11:43:36,635: WARNING: __init__: There is a known slowdown when using v2.11+ Keras optimizers on M1/M2 Macs. Falling back to the legacy Keras optimizer, i.e., `tf.keras.optimizers.legacy.SGD`.]
[2026-04-08 11:43:36,711: INFO: main: >>>>>> stage Prepare base model completed <<<<<<

x==========x]
[2026-04-08 11:43:36,712: INFO: main: *******************]
[2026-04-08 11:43:36,712: INFO: main: >>>>>> stage Training started <<<<<<]
[2026-04-08 11:43:36,713: INFO: common: yaml file: config/config.yaml loaded successfully]
[2026-04-08 11:43:36,713: INFO: common: yaml file: params.yaml loaded successfully]
[2026-04-08 11:43:36,714: INFO: common: created directory at: artifacts]
[2026-04-08 11:43:36,714: INFO: common: created directory at: artifacts/training]
[2026-04-08 11:44:15,785: INFO: main: >>>>>> stage Training completed <<<<<<

x==========x]
[2026-04-08 11:44:15,788: INFO: main: *******************]
[2026-04-08 11:44:15,788: INFO: main: >>>>>> stage Evaluation stage started <<<<<<]
[2026-04-08 11:44:15,791: INFO: common: yaml file: config/config.yaml loaded successfully]
[2026-04-08 11:44:15,795: INFO: common: yaml file: params.yaml loaded successfully]
[2026-04-08 11:44:15,795: INFO: common: created directory at: artifacts]
[2026-04-08 11:44:28,861: INFO: common: json file saved at: scores.json]
[2026-04-08 11:44:28,862: INFO: common: json file saved at: scores.json]
[2026-04-08 11:44:28,863: INFO: main: >>>>>> stage Evaluation stage completed <<<<<<

x==========x]
[2026-04-08 11:47:20,274: INFO: main: >>>>>> stage Data Ingestion stage started <<<<<<]
[2026-04-08 11:47:20,275: INFO: common: yaml file: config/config.yaml loaded successfully]
[2026-04-08 11:47:20,276: INFO: common: yaml file: params.yaml loaded successfully]
[2026-04-08 11:47:20,276: INFO: common: created directory at: artifacts]
[2026-04-08 11:47:20,276: INFO: common: created directory at: artifacts/data_ingestion]
[2026-04-08 11:47:20,276: INFO: data_ingestion: Downloading data from https://drive.google.com/file/d/1vlhZ5c7abUKF8xXERIw6m9Te8fW7ohw3/view?usp=sharing into file artifacts/data_ingestion/data.zip]
[2026-04-08 11:47:29,467: INFO: data_ingestion: Downloaded data from https://drive.google.com/file/d/1vlhZ5c7abUKF8xXERIw6m9Te8fW7ohw3/view?usp=sharing into file artifacts/data_ingestion/data.zip]
[2026-04-08 11:47:29,752: INFO: main: >>>>>> stage Data Ingestion stage completed <<<<<<

x==========x]
[2026-04-08 11:47:29,752: INFO: main: *******************]
[2026-04-08 11:47:29,752: INFO: main: >>>>>> stage Prepare base model started <<<<<<]
[2026-04-08 11:47:29,753: INFO: common: yaml file: config/config.yaml loaded successfully]
[2026-04-08 11:47:29,753: INFO: common: yaml file: params.yaml loaded successfully]
[2026-04-08 11:47:29,754: INFO: common: created directory at: artifacts]
[2026-04-08 11:47:29,754: INFO: common: created directory at: artifacts/prepare_base_model]
[2026-04-08 11:47:30,070: WARNING: saving_utils: Compiled the loaded model, but the compiled metrics have yet to be built. `model.compile_metrics` will be empty until you train or evaluate the model.]
[2026-04-08 11:47:30,246: WARNING: optimizer: At this time, the v2.11+ optimizer `tf.keras.optimizers.SGD` runs slowly on M1/M2 Macs, please use the legacy Keras optimizer instead, located at `tf.keras.optimizers.legacy.SGD`.]
[2026-04-08 11:47:30,247: WARNING: __init__: There is a known slowdown when using v2.11+ Keras optimizers on M1/M2 Macs. Falling back to the legacy Keras optimizer, i.e., `tf.keras.optimizers.legacy.SGD`.]
[2026-04-08 11:47:30,377: INFO: main: >>>>>> stage Prepare base model completed <<<<<<

x==========x]
[2026-04-08 11:47:30,377: INFO: main: *******************]
[2026-04-08 11:47:30,377: INFO: main: >>>>>> stage Training started <<<<<<]
[2026-04-08 11:47:30,378: INFO: common: yaml file: config/config.yaml loaded successfully]
[2026-04-08 11:47:30,379: INFO: common: yaml file: params.yaml loaded successfully]
[2026-04-08 11:47:30,379: INFO: common: created directory at: artifacts]
[2026-04-08 11:47:30,379: INFO: common: created directory at: artifacts/training]
[2026-04-08 11:48:09,999: INFO: main: >>>>>> stage Training completed <<<<<<

x==========x]
[2026-04-08 11:48:10,000: INFO: main: *******************]
[2026-04-08 11:48:10,000: INFO: main: >>>>>> stage Evaluation stage started <<<<<<]
[2026-04-08 11:48:10,001: INFO: common: yaml file: config/config.yaml loaded successfully]
[2026-04-08 11:48:10,002: INFO: common: yaml file: params.yaml loaded successfully]
[2026-04-08 11:48:10,002: INFO: common: created directory at: artifacts]
[2026-04-08 11:48:23,349: INFO: common: json file saved at: scores.json]
[2026-04-08 11:48:23,350: INFO: common: json file saved at: scores.json]
[2026-04-08 11:48:23,350: INFO: main: >>>>>> stage Evaluation stage completed <<<<<<

x==========x]
[2026-04-08 11:52:58,518: INFO: main: >>>>>> stage Data Ingestion stage started <<<<<<]
[2026-04-08 11:52:58,519: INFO: common: yaml file: config/config.yaml loaded successfully]
[2026-04-08 11:52:58,519: INFO: common: yaml file: params.yaml loaded successfully]
[2026-04-08 11:52:58,519: INFO: common: created directory at: artifacts]
[2026-04-08 11:52:58,519: INFO: common: created directory at: artifacts/data_ingestion]
[2026-04-08 11:52:58,519: INFO: data_ingestion: Downloading data from https://drive.google.com/file/d/1vlhZ5c7abUKF8xXERIw6m9Te8fW7ohw3/view?usp=sharing into file artifacts/data_ingestion/data.zip]
[2026-04-08 11:53:08,747: INFO: data_ingestion: Downloaded data from https://drive.google.com/file/d/1vlhZ5c7abUKF8xXERIw6m9Te8fW7ohw3/view?usp=sharing into file artifacts/data_ingestion/data.zip]
[2026-04-08 11:53:09,092: INFO: main: >>>>>> stage Data Ingestion stage completed <<<<<<

x==========x]
[2026-04-08 11:53:09,093: INFO: main: *******************]
[2026-04-08 11:53:09,093: INFO: main: >>>>>> stage Prepare base model started <<<<<<]
[2026-04-08 11:53:09,094: INFO: common: yaml file: config/config.yaml loaded successfully]
[2026-04-08 11:53:09,095: INFO: common: yaml file: params.yaml loaded successfully]
[2026-04-08 11:53:09,095: INFO: common: created directory at: artifacts]
[2026-04-08 11:53:09,095: INFO: common: created directory at: artifacts/prepare_base_model]
[2026-04-08 11:53:09,371: WARNING: saving_utils: Compiled the loaded model, but the compiled metrics have yet to be built. `model.compile_metrics` will be empty until you train or evaluate the model.]
[2026-04-08 11:53:09,629: WARNING: optimizer: At this time, the v2.11+ optimizer `tf.keras.optimizers.SGD` runs slowly on M1/M2 Macs, please use the legacy Keras optimizer instead, located at `tf.keras.optimizers.legacy.SGD`.]
[2026-04-08 11:53:09,630: WARNING: __init__: There is a known slowdown when using v2.11+ Keras optimizers on M1/M2 Macs. Falling back to the legacy Keras optimizer, i.e., `tf.keras.optimizers.legacy.SGD`.]
[2026-04-08 11:53:09,766: INFO: main: >>>>>> stage Prepare base model completed <<<<<<

x==========x]
[2026-04-08 11:53:09,766: INFO: main: *******************]
[2026-04-08 11:53:09,766: INFO: main: >>>>>> stage Training started <<<<<<]
[2026-04-08 11:53:09,767: INFO: common: yaml file: config/config.yaml loaded successfully]
[2026-04-08 11:53:09,767: INFO: common: yaml file: params.yaml loaded successfully]
[2026-04-08 11:53:09,767: INFO: common: created directory at: artifacts]
[2026-04-08 11:53:09,768: INFO: common: created directory at: artifacts/training]
[2026-04-08 11:57:24,424: INFO: main: >>>>>> stage Data Ingestion stage started <<<<<<]
[2026-04-08 11:57:24,425: INFO: common: yaml file: config/config.yaml loaded successfully]
[2026-04-08 11:57:24,425: INFO: common: yaml file: params.yaml loaded successfully]
[2026-04-08 11:57:24,425: INFO: common: created directory at: artifacts]
[2026-04-08 11:57:24,425: INFO: common: created directory at: artifacts/data_ingestion]
[2026-04-08 11:57:24,426: INFO: data_ingestion: Downloading data from https://drive.google.com/file/d/1vlhZ5c7abUKF8xXERIw6m9Te8fW7ohw3/view?usp=sharing into file artifacts/data_ingestion/data.zip]
[2026-04-08 11:57:31,682: INFO: data_ingestion: Downloaded data from https://drive.google.com/file/d/1vlhZ5c7abUKF8xXERIw6m9Te8fW7ohw3/view?usp=sharing into file artifacts/data_ingestion/data.zip]
[2026-04-08 11:57:32,051: INFO: main: >>>>>> stage Data Ingestion stage completed <<<<<<

x==========x]
[2026-04-08 11:57:32,051: INFO: main: *******************]
[2026-04-08 11:57:32,051: INFO: main: >>>>>> stage Prepare base model started <<<<<<]
[2026-04-08 11:57:32,052: INFO: common: yaml file: config/config.yaml loaded successfully]
[2026-04-08 11:57:32,052: INFO: common: yaml file: params.yaml loaded successfully]
[2026-04-08 11:57:32,053: INFO: common: created directory at: artifacts]
[2026-04-08 11:57:32,053: INFO: common: created directory at: artifacts/prepare_base_model]
[2026-04-08 11:57:32,323: WARNING: saving_utils: Compiled the loaded model, but the compiled metrics have yet to be built. `model.compile_metrics` will be empty until you train or evaluate the model.]
[2026-04-08 11:57:32,563: WARNING: optimizer: At this time, the v2.11+ optimizer `tf.keras.optimizers.SGD` runs slowly on M1/M2 Macs, please use the legacy Keras optimizer instead, located at `tf.keras.optimizers.legacy.SGD`.]
[2026-04-08 11:57:32,564: WARNING: __init__: There is a known slowdown when using v2.11+ Keras optimizers on M1/M2 Macs. Falling back to the legacy Keras optimizer, i.e., `tf.keras.optimizers.legacy.SGD`.]
[2026-04-08 11:57:32,803: INFO: main: >>>>>> stage Prepare base model completed <<<<<<

x==========x]
[2026-04-08 11:57:32,803: INFO: main: *******************]
[2026-04-08 11:57:32,803: INFO: main: >>>>>> stage Training started <<<<<<]
[2026-04-08 11:57:32,804: INFO: common: yaml file: config/config.yaml loaded successfully]
[2026-04-08 11:57:32,804: INFO: common: yaml file: params.yaml loaded successfully]
[2026-04-08 11:57:32,804: INFO: common: created directory at: artifacts]
[2026-04-08 11:57:32,805: INFO: common: created directory at: artifacts/training]
[2026-04-08 11:58:10,248: INFO: main: >>>>>> stage Training completed <<<<<<

x==========x]
[2026-04-08 11:58:10,249: INFO: main: *******************]
[2026-04-08 11:58:10,249: INFO: main: >>>>>> stage Evaluation stage started <<<<<<]
[2026-04-08 11:58:10,251: INFO: common: yaml file: config/config.yaml loaded successfully]
[2026-04-08 11:58:10,252: INFO: common: yaml file: params.yaml loaded successfully]
[2026-04-08 11:58:10,252: INFO: common: created directory at: artifacts]
[2026-04-08 11:58:22,151: INFO: common: json file saved at: scores.json]
[2026-04-08 11:58:27,867: INFO: builder_impl: Assets written to: /var/folders/rr/ljd0ddw54pl3pqhhlymc5lkr0000gn/T/tmp3vrfu96n/model/data/model/assets]
[2026-04-08 11:58:28,300: ERROR: main: module 'tensorflow.keras' has no attribute '__version__']
Traceback (most recent call last):
  File "/Users/priyankasuri/Desktop/Deep-Learning-Projects/Kidney-disease-mlops-project/main.py", line 59, in <module>
    model_evalution.main()
  File "/Users/priyankasuri/Desktop/Deep-Learning-Projects/Kidney-disease-mlops-project/src/cnnClassifier/pipeline/stage_04_model_evaluation.py", line 18, in main
    evaluation.evaluation()
  File "/Users/priyankasuri/Desktop/Deep-Learning-Projects/Kidney-disease-mlops-project/src/cnnClassifier/components/model_evaluation_mlflow.py", line 50, in evaluation
    self.log_into_mlflow()   # ✅ ADD THIS LINE
    ^^^^^^^^^^^^^^^^^^^^^^
  File "/Users/priyankasuri/Desktop/Deep-Learning-Projects/Kidney-disease-mlops-project/src/cnnClassifier/components/model_evaluation_mlflow.py", line 73, in log_into_mlflow
    mlflow.keras.log_model(self.model, "model", registered_model_name="VGG16Model")
  File "/opt/homebrew/lib/python3.11/site-packages/mlflow/tensorflow/__init__.py", line 222, in log_model
    return Model.log(
           ^^^^^^^^^^
  File "/opt/homebrew/lib/python3.11/site-packages/mlflow/models/model.py", line 551, in log
    flavor.save_model(path=local_path, mlflow_model=mlflow_model, **kwargs)
  File "/opt/homebrew/lib/python3.11/site-packages/mlflow/tensorflow/__init__.py", line 445, in save_model
    "keras_version": keras_module.__version__,
                     ^^^^^^^^^^^^^^^^^^^^^^^^
AttributeError: module 'tensorflow.keras' has no attribute '__version__'
[2026-04-09 11:19:42,427: INFO: main: >>>>>> stage Data Ingestion stage started <<<<<<]
[2026-04-09 11:19:42,428: INFO: common: yaml file: config/config.yaml loaded successfully]
[2026-04-09 11:19:42,429: INFO: common: yaml file: params.yaml loaded successfully]
[2026-04-09 11:19:42,429: INFO: common: created directory at: artifacts]
[2026-04-09 11:19:42,429: INFO: common: created directory at: artifacts/data_ingestion]
[2026-04-09 11:19:42,429: INFO: data_ingestion: Downloading data from https://drive.google.com/file/d/1vlhZ5c7abUKF8xXERIw6m9Te8fW7ohw3/view?usp=sharing into file artifacts/data_ingestion/data.zip]
[2026-04-09 11:19:52,635: INFO: data_ingestion: Downloaded data from https://drive.google.com/file/d/1vlhZ5c7abUKF8xXERIw6m9Te8fW7ohw3/view?usp=sharing into file artifacts/data_ingestion/data.zip]
[2026-04-09 11:19:53,018: INFO: main: >>>>>> stage Data Ingestion stage completed <<<<<<

x==========x]
[2026-04-09 11:19:53,018: INFO: main: *******************]
[2026-04-09 11:19:53,018: INFO: main: >>>>>> stage Prepare base model started <<<<<<]
[2026-04-09 11:19:53,019: INFO: common: yaml file: config/config.yaml loaded successfully]
[2026-04-09 11:19:53,020: INFO: common: yaml file: params.yaml loaded successfully]
[2026-04-09 11:19:53,020: INFO: common: created directory at: artifacts]
[2026-04-09 11:19:53,020: INFO: common: created directory at: artifacts/prepare_base_model]
[2026-04-09 11:19:53,292: WARNING: saving_utils: Compiled the loaded model, but the compiled metrics have yet to be built. `model.compile_metrics` will be empty until you train or evaluate the model.]
[2026-04-09 11:19:53,472: WARNING: optimizer: At this time, the v2.11+ optimizer `tf.keras.optimizers.SGD` runs slowly on M1/M2 Macs, please use the legacy Keras optimizer instead, located at `tf.keras.optimizers.legacy.SGD`.]
[2026-04-09 11:19:53,474: WARNING: __init__: There is a known slowdown when using v2.11+ Keras optimizers on M1/M2 Macs. Falling back to the legacy Keras optimizer, i.e., `tf.keras.optimizers.legacy.SGD`.]
[2026-04-09 11:19:53,603: INFO: main: >>>>>> stage Prepare base model completed <<<<<<

x==========x]
[2026-04-09 11:19:53,603: INFO: main: *******************]
[2026-04-09 11:19:53,603: INFO: main: >>>>>> stage Training started <<<<<<]
[2026-04-09 11:19:53,604: INFO: common: yaml file: config/config.yaml loaded successfully]
[2026-04-09 11:19:53,604: INFO: common: yaml file: params.yaml loaded successfully]
[2026-04-09 11:19:53,604: INFO: common: created directory at: artifacts]
[2026-04-09 11:19:53,604: INFO: common: created directory at: artifacts/training]
[2026-04-09 11:20:32,941: INFO: main: >>>>>> stage Training completed <<<<<<

x==========x]
[2026-04-09 11:20:32,942: INFO: main: *******************]
[2026-04-09 11:20:32,942: INFO: main: >>>>>> stage Evaluation stage started <<<<<<]
[2026-04-09 11:20:32,944: INFO: common: yaml file: config/config.yaml loaded successfully]
[2026-04-09 11:20:32,945: INFO: common: yaml file: params.yaml loaded successfully]
[2026-04-09 11:20:32,946: INFO: common: created directory at: artifacts]
[2026-04-09 11:20:45,272: INFO: common: json file saved at: scores.json]
[2026-04-09 11:20:45,272: INFO: common: json file saved at: scores.json]
[2026-04-09 11:20:45,272: INFO: main: >>>>>> stage Evaluation stage completed <<<<<<

x==========x]
[2026-04-09 11:21:53,940: INFO: main: >>>>>> stage Data Ingestion stage started <<<<<<]
[2026-04-09 11:21:53,941: INFO: common: yaml file: config/config.yaml loaded successfully]
[2026-04-09 11:21:53,941: INFO: common: yaml file: params.yaml loaded successfully]
[2026-04-09 11:21:53,941: INFO: common: created directory at: artifacts]
[2026-04-09 11:21:53,941: INFO: common: created directory at: artifacts/data_ingestion]
[2026-04-09 11:21:53,941: INFO: data_ingestion: Downloading data from https://drive.google.com/file/d/1vlhZ5c7abUKF8xXERIw6m9Te8fW7ohw3/view?usp=sharing into file artifacts/data_ingestion/data.zip]
[2026-04-09 11:22:02,990: INFO: data_ingestion: Downloaded data from https://drive.google.com/file/d/1vlhZ5c7abUKF8xXERIw6m9Te8fW7ohw3/view?usp=sharing into file artifacts/data_ingestion/data.zip]
[2026-04-09 11:22:03,390: INFO: main: >>>>>> stage Data Ingestion stage completed <<<<<<

x==========x]
[2026-04-09 11:22:03,390: INFO: main: *******************]
[2026-04-09 11:22:03,390: INFO: main: >>>>>> stage Prepare base model started <<<<<<]
[2026-04-09 11:22:03,391: INFO: common: yaml file: config/config.yaml loaded successfully]
[2026-04-09 11:22:03,392: INFO: common: yaml file: params.yaml loaded successfully]
[2026-04-09 11:22:03,392: INFO: common: created directory at: artifacts]
[2026-04-09 11:22:03,392: INFO: common: created directory at: artifacts/prepare_base_model]
[2026-04-09 11:22:03,642: WARNING: saving_utils: Compiled the loaded model, but the compiled metrics have yet to be built. `model.compile_metrics` will be empty until you train or evaluate the model.]
[2026-04-09 11:22:03,762: WARNING: optimizer: At this time, the v2.11+ optimizer `tf.keras.optimizers.SGD` runs slowly on M1/M2 Macs, please use the legacy Keras optimizer instead, located at `tf.keras.optimizers.legacy.SGD`.]
[2026-04-09 11:22:03,763: WARNING: __init__: There is a known slowdown when using v2.11+ Keras optimizers on M1/M2 Macs. Falling back to the legacy Keras optimizer, i.e., `tf.keras.optimizers.legacy.SGD`.]
[2026-04-09 11:22:04,028: INFO: main: >>>>>> stage Prepare base model completed <<<<<<

x==========x]
[2026-04-09 11:22:04,028: INFO: main: *******************]
[2026-04-09 11:22:04,028: INFO: main: >>>>>> stage Training started <<<<<<]
[2026-04-09 11:22:04,029: INFO: common: yaml file: config/config.yaml loaded successfully]
[2026-04-09 11:22:04,029: INFO: common: yaml file: params.yaml loaded successfully]
[2026-04-09 11:22:04,029: INFO: common: created directory at: artifacts]
[2026-04-09 11:22:04,029: INFO: common: created directory at: artifacts/training]
[2026-04-09 11:22:41,732: INFO: main: >>>>>> stage Training completed <<<<<<

x==========x]
[2026-04-09 11:22:41,734: INFO: main: *******************]
[2026-04-09 11:22:41,734: INFO: main: >>>>>> stage Evaluation stage started <<<<<<]
[2026-04-09 11:22:41,735: INFO: common: yaml file: config/config.yaml loaded successfully]
[2026-04-09 11:22:41,736: INFO: common: yaml file: params.yaml loaded successfully]
[2026-04-09 11:22:41,736: INFO: common: created directory at: artifacts]
[2026-04-09 11:22:53,848: INFO: common: json file saved at: scores.json]
[2026-04-09 11:22:56,746: INFO: builder_impl: Assets written to: /var/folders/rr/ljd0ddw54pl3pqhhlymc5lkr0000gn/T/tmp6bghfm8y/model/data/model/assets]
[2026-04-09 11:22:57,140: ERROR: main: module 'tensorflow.keras' has no attribute '__version__']
Traceback (most recent call last):
  File "/Users/priyankasuri/Desktop/Deep-Learning-Projects/Kidney-disease-mlops-project/main.py", line 59, in <module>
    model_evalution.main()
  File "/Users/priyankasuri/Desktop/Deep-Learning-Projects/Kidney-disease-mlops-project/src/cnnClassifier/pipeline/stage_04_model_evaluation.py", line 18, in main
    evaluation.evaluation()
  File "/Users/priyankasuri/Desktop/Deep-Learning-Projects/Kidney-disease-mlops-project/src/cnnClassifier/components/model_evaluation_mlflow.py", line 50, in evaluation
    self.log_into_mlflow()   # ✅ ADD THIS LINE
    ^^^^^^^^^^^^^^^^^^^^^^
  File "/Users/priyankasuri/Desktop/Deep-Learning-Projects/Kidney-disease-mlops-project/src/cnnClassifier/components/model_evaluation_mlflow.py", line 73, in log_into_mlflow
    mlflow.keras.log_model(self.model, "model", registered_model_name="VGG16Model")
  File "/opt/homebrew/lib/python3.11/site-packages/mlflow/tensorflow/__init__.py", line 222, in log_model
    return Model.log(
           ^^^^^^^^^^
  File "/opt/homebrew/lib/python3.11/site-packages/mlflow/models/model.py", line 551, in log
    flavor.save_model(path=local_path, mlflow_model=mlflow_model, **kwargs)
  File "/opt/homebrew/lib/python3.11/site-packages/mlflow/tensorflow/__init__.py", line 445, in save_model
    "keras_version": keras_module.__version__,
                     ^^^^^^^^^^^^^^^^^^^^^^^^
AttributeError: module 'tensorflow.keras' has no attribute '__version__'
[2026-04-09 12:19:32,882: INFO: main: >>>>>> stage Data Ingestion stage started <<<<<<]
[2026-04-09 12:19:32,883: INFO: common: yaml file: config/config.yaml loaded successfully]
[2026-04-09 12:19:32,884: INFO: common: yaml file: params.yaml loaded successfully]
[2026-04-09 12:19:32,884: INFO: common: created directory at: artifacts]
[2026-04-09 12:19:32,884: INFO: common: created directory at: artifacts/data_ingestion]
[2026-04-09 12:19:32,884: INFO: data_ingestion: Downloading data from https://drive.google.com/file/d/1vlhZ5c7abUKF8xXERIw6m9Te8fW7ohw3/view?usp=sharing into file artifacts/data_ingestion/data.zip]
[2026-04-09 12:19:40,766: INFO: data_ingestion: Downloaded data from https://drive.google.com/file/d/1vlhZ5c7abUKF8xXERIw6m9Te8fW7ohw3/view?usp=sharing into file artifacts/data_ingestion/data.zip]
[2026-04-09 12:19:41,446: INFO: main: >>>>>> stage Data Ingestion stage completed <<<<<<

x==========x]
[2026-04-09 12:19:41,446: INFO: main: *******************]
[2026-04-09 12:19:41,446: INFO: main: >>>>>> stage Prepare base model started <<<<<<]
[2026-04-09 12:19:41,447: INFO: common: yaml file: config/config.yaml loaded successfully]
[2026-04-09 12:19:41,447: INFO: common: yaml file: params.yaml loaded successfully]
[2026-04-09 12:19:41,448: INFO: common: created directory at: artifacts]
[2026-04-09 12:19:41,448: INFO: common: created directory at: artifacts/prepare_base_model]
[2026-04-09 12:19:41,694: WARNING: saving_utils: Compiled the loaded model, but the compiled metrics have yet to be built. `model.compile_metrics` will be empty until you train or evaluate the model.]
[2026-04-09 12:19:41,891: WARNING: optimizer: At this time, the v2.11+ optimizer `tf.keras.optimizers.SGD` runs slowly on M1/M2 Macs, please use the legacy Keras optimizer instead, located at `tf.keras.optimizers.legacy.SGD`.]
[2026-04-09 12:19:41,892: WARNING: __init__: There is a known slowdown when using v2.11+ Keras optimizers on M1/M2 Macs. Falling back to the legacy Keras optimizer, i.e., `tf.keras.optimizers.legacy.SGD`.]
[2026-04-09 12:19:42,009: INFO: main: >>>>>> stage Prepare base model completed <<<<<<

x==========x]
[2026-04-09 12:19:42,010: INFO: main: *******************]
[2026-04-09 12:19:42,010: INFO: main: >>>>>> stage Training started <<<<<<]
[2026-04-09 12:19:42,011: INFO: common: yaml file: config/config.yaml loaded successfully]
[2026-04-09 12:19:42,011: INFO: common: yaml file: params.yaml loaded successfully]
[2026-04-09 12:19:42,011: INFO: common: created directory at: artifacts]
[2026-04-09 12:19:42,011: INFO: common: created directory at: artifacts/training]
[2026-04-09 12:20:19,056: INFO: main: >>>>>> stage Training completed <<<<<<

x==========x]
[2026-04-09 12:20:19,058: INFO: main: *******************]
[2026-04-09 12:20:19,058: INFO: main: >>>>>> stage Evaluation stage started <<<<<<]
[2026-04-09 12:20:19,059: INFO: common: yaml file: config/config.yaml loaded successfully]
[2026-04-09 12:20:19,060: INFO: common: yaml file: params.yaml loaded successfully]
[2026-04-09 12:20:19,060: INFO: common: created directory at: artifacts]
[2026-04-09 12:20:30,816: INFO: common: json file saved at: scores.json]
[2026-04-09 12:20:30,816: INFO: common: json file saved at: scores.json]
[2026-04-09 12:20:30,816: INFO: main: >>>>>> stage Evaluation stage completed <<<<<<

x==========x]
[2026-04-09 12:24:48,276: INFO: main: >>>>>> stage Data Ingestion stage started <<<<<<]
[2026-04-09 12:24:48,277: INFO: common: yaml file: config/config.yaml loaded successfully]
[2026-04-09 12:24:48,278: INFO: common: yaml file: params.yaml loaded successfully]
[2026-04-09 12:24:48,278: INFO: common: created directory at: artifacts]
[2026-04-09 12:24:48,278: INFO: common: created directory at: artifacts/data_ingestion]
[2026-04-09 12:24:48,278: INFO: data_ingestion: Downloading data from https://drive.google.com/file/d/1vlhZ5c7abUKF8xXERIw6m9Te8fW7ohw3/view?usp=sharing into file artifacts/data_ingestion/data.zip]
[2026-04-09 12:24:57,209: INFO: data_ingestion: Downloaded data from https://drive.google.com/file/d/1vlhZ5c7abUKF8xXERIw6m9Te8fW7ohw3/view?usp=sharing into file artifacts/data_ingestion/data.zip]
[2026-04-09 12:24:57,839: INFO: main: >>>>>> stage Data Ingestion stage completed <<<<<<

x==========x]
[2026-04-09 12:24:57,840: INFO: main: *******************]
[2026-04-09 12:24:57,840: INFO: main: >>>>>> stage Prepare base model started <<<<<<]
[2026-04-09 12:24:57,840: INFO: common: yaml file: config/config.yaml loaded successfully]
[2026-04-09 12:24:57,841: INFO: common: yaml file: params.yaml loaded successfully]
[2026-04-09 12:24:57,841: INFO: common: created directory at: artifacts]
[2026-04-09 12:24:57,841: INFO: common: created directory at: artifacts/prepare_base_model]
[2026-04-09 12:24:58,122: WARNING: saving_utils: Compiled the loaded model, but the compiled metrics have yet to be built. `model.compile_metrics` will be empty until you train or evaluate the model.]
[2026-04-09 12:24:58,499: WARNING: optimizer: At this time, the v2.11+ optimizer `tf.keras.optimizers.SGD` runs slowly on M1/M2 Macs, please use the legacy Keras optimizer instead, located at `tf.keras.optimizers.legacy.SGD`.]
[2026-04-09 12:24:58,500: WARNING: __init__: There is a known slowdown when using v2.11+ Keras optimizers on M1/M2 Macs. Falling back to the legacy Keras optimizer, i.e., `tf.keras.optimizers.legacy.SGD`.]
[2026-04-09 12:24:58,610: INFO: main: >>>>>> stage Prepare base model completed <<<<<<

x==========x]
[2026-04-09 12:24:58,610: INFO: main: *******************]
[2026-04-09 12:24:58,610: INFO: main: >>>>>> stage Training started <<<<<<]
[2026-04-09 12:24:58,611: INFO: common: yaml file: config/config.yaml loaded successfully]
[2026-04-09 12:24:58,611: INFO: common: yaml file: params.yaml loaded successfully]
[2026-04-09 12:24:58,611: INFO: common: created directory at: artifacts]
[2026-04-09 12:24:58,611: INFO: common: created directory at: artifacts/training]
[2026-04-09 12:25:39,356: INFO: main: >>>>>> stage Training completed <<<<<<

x==========x]
[2026-04-09 12:25:39,359: INFO: main: *******************]
[2026-04-09 12:25:39,359: INFO: main: >>>>>> stage Evaluation stage started <<<<<<]
[2026-04-09 12:25:39,360: INFO: common: yaml file: config/config.yaml loaded successfully]
[2026-04-09 12:25:39,361: INFO: common: yaml file: params.yaml loaded successfully]
[2026-04-09 12:25:39,361: INFO: common: created directory at: artifacts]
[2026-04-09 12:25:53,278: INFO: common: json file saved at: scores.json]
[2026-04-09 12:25:57,720: INFO: builder_impl: Assets written to: /var/folders/rr/ljd0ddw54pl3pqhhlymc5lkr0000gn/T/tmpxv4tabg1/model/data/model/assets]
[2026-04-09 12:25:58,122: ERROR: main: module 'tensorflow.keras' has no attribute '__version__']
Traceback (most recent call last):
  File "/Users/priyankasuri/Desktop/Deep-Learning-Projects/Kidney-disease-mlops-project/main.py", line 59, in <module>
    model_evalution.main()
  File "/Users/priyankasuri/Desktop/Deep-Learning-Projects/Kidney-disease-mlops-project/src/cnnClassifier/pipeline/stage_04_model_evaluation.py", line 18, in main
    evaluation.evaluation()
  File "/Users/priyankasuri/Desktop/Deep-Learning-Projects/Kidney-disease-mlops-project/src/cnnClassifier/components/model_evaluation_mlflow.py", line 50, in evaluation
    self.log_into_mlflow()   # ✅ ADD THIS LINE
    ^^^^^^^^^^^^^^^^^^^^^^
  File "/Users/priyankasuri/Desktop/Deep-Learning-Projects/Kidney-disease-mlops-project/src/cnnClassifier/components/model_evaluation_mlflow.py", line 73, in log_into_mlflow
    mlflow.keras.log_model(self.model, "model", registered_model_name="VGG16Model")
  File "/opt/homebrew/lib/python3.11/site-packages/mlflow/tensorflow/__init__.py", line 222, in log_model
    return Model.log(
           ^^^^^^^^^^
  File "/opt/homebrew/lib/python3.11/site-packages/mlflow/models/model.py", line 551, in log
    flavor.save_model(path=local_path, mlflow_model=mlflow_model, **kwargs)
  File "/opt/homebrew/lib/python3.11/site-packages/mlflow/tensorflow/__init__.py", line 445, in save_model
    "keras_version": keras_module.__version__,
                     ^^^^^^^^^^^^^^^^^^^^^^^^
AttributeError: module 'tensorflow.keras' has no attribute '__version__'
[2026-04-09 20:22:20,684: INFO: main: >>>>>> stage Data Ingestion stage started <<<<<<]
[2026-04-09 20:22:20,685: INFO: common: yaml file: config/config.yaml loaded successfully]
[2026-04-09 20:22:20,686: INFO: common: yaml file: params.yaml loaded successfully]
[2026-04-09 20:22:20,686: INFO: common: created directory at: artifacts]
[2026-04-09 20:22:20,686: INFO: common: created directory at: artifacts/data_ingestion]
[2026-04-09 20:22:20,686: INFO: data_ingestion: Downloading data from https://drive.google.com/file/d/1vlhZ5c7abUKF8xXERIw6m9Te8fW7ohw3/view?usp=sharing into file artifacts/data_ingestion/data.zip]
[2026-04-09 20:22:42,285: INFO: data_ingestion: Downloaded data from https://drive.google.com/file/d/1vlhZ5c7abUKF8xXERIw6m9Te8fW7ohw3/view?usp=sharing into file artifacts/data_ingestion/data.zip]
[2026-04-09 20:22:42,727: INFO: main: >>>>>> stage Data Ingestion stage completed <<<<<<

x==========x]
[2026-04-09 20:22:42,727: INFO: main: *******************]
[2026-04-09 20:22:42,727: INFO: main: >>>>>> stage Prepare base model started <<<<<<]
[2026-04-09 20:22:42,728: INFO: common: yaml file: config/config.yaml loaded successfully]
[2026-04-09 20:22:42,729: INFO: common: yaml file: params.yaml loaded successfully]
[2026-04-09 20:22:42,729: INFO: common: created directory at: artifacts]
[2026-04-09 20:22:42,729: INFO: common: created directory at: artifacts/prepare_base_model]
[2026-04-09 20:22:43,017: WARNING: saving_utils: Compiled the loaded model, but the compiled metrics have yet to be built. `model.compile_metrics` will be empty until you train or evaluate the model.]
[2026-04-09 20:22:43,322: WARNING: optimizer: At this time, the v2.11+ optimizer `tf.keras.optimizers.SGD` runs slowly on M1/M2 Macs, please use the legacy Keras optimizer instead, located at `tf.keras.optimizers.legacy.SGD`.]
[2026-04-09 20:22:43,323: WARNING: __init__: There is a known slowdown when using v2.11+ Keras optimizers on M1/M2 Macs. Falling back to the legacy Keras optimizer, i.e., `tf.keras.optimizers.legacy.SGD`.]
[2026-04-09 20:22:43,618: INFO: main: >>>>>> stage Prepare base model completed <<<<<<

x==========x]
[2026-04-09 20:22:43,619: INFO: main: *******************]
[2026-04-09 20:22:43,619: INFO: main: >>>>>> stage Training started <<<<<<]
[2026-04-09 20:22:43,620: INFO: common: yaml file: config/config.yaml loaded successfully]
[2026-04-09 20:22:43,621: INFO: common: yaml file: params.yaml loaded successfully]
[2026-04-09 20:22:43,621: INFO: common: created directory at: artifacts]
[2026-04-09 20:22:43,621: INFO: common: created directory at: artifacts/training]
[2026-04-09 20:23:27,660: INFO: main: >>>>>> stage Training completed <<<<<<

x==========x]
[2026-04-09 20:23:27,662: INFO: main: *******************]
[2026-04-09 20:23:27,662: INFO: main: >>>>>> stage Evaluation stage started <<<<<<]
[2026-04-09 20:23:27,663: INFO: common: yaml file: config/config.yaml loaded successfully]
[2026-04-09 20:23:27,665: INFO: common: yaml file: params.yaml loaded successfully]
[2026-04-09 20:23:27,665: INFO: common: created directory at: artifacts]
[2026-04-09 20:23:43,314: INFO: common: json file saved at: scores.json]
[2026-04-09 20:23:50,198: INFO: builder_impl: Assets written to: /var/folders/rr/ljd0ddw54pl3pqhhlymc5lkr0000gn/T/tmp1ymuerd3/model/data/model/assets]
[2026-04-09 20:23:50,781: ERROR: main: module 'tensorflow.keras' has no attribute '__version__']
Traceback (most recent call last):
  File "/Users/priyankasuri/Desktop/Deep-Learning-Projects/Kidney-disease-mlops-project/main.py", line 59, in <module>
    model_evalution.main()
  File "/Users/priyankasuri/Desktop/Deep-Learning-Projects/Kidney-disease-mlops-project/src/cnnClassifier/pipeline/stage_04_model_evaluation.py", line 18, in main
    evaluation.evaluation()
  File "/Users/priyankasuri/Desktop/Deep-Learning-Projects/Kidney-disease-mlops-project/src/cnnClassifier/components/model_evaluation_mlflow.py", line 50, in evaluation
    self.log_into_mlflow()   # ✅ ADD THIS LINE
    ^^^^^^^^^^^^^^^^^^^^^^
  File "/Users/priyankasuri/Desktop/Deep-Learning-Projects/Kidney-disease-mlops-project/src/cnnClassifier/components/model_evaluation_mlflow.py", line 73, in log_into_mlflow
    mlflow.keras.log_model(self.model, "model", registered_model_name="VGG16Model")
  File "/opt/homebrew/lib/python3.11/site-packages/mlflow/tensorflow/__init__.py", line 222, in log_model
    return Model.log(
           ^^^^^^^^^^
  File "/opt/homebrew/lib/python3.11/site-packages/mlflow/models/model.py", line 551, in log
    flavor.save_model(path=local_path, mlflow_model=mlflow_model, **kwargs)
  File "/opt/homebrew/lib/python3.11/site-packages/mlflow/tensorflow/__init__.py", line 445, in save_model
    "keras_version": keras_module.__version__,
                     ^^^^^^^^^^^^^^^^^^^^^^^^
AttributeError: module 'tensorflow.keras' has no attribute '__version__'
[2026-04-09 21:08:40,555: INFO: main: >>>>>> stage Data Ingestion stage started <<<<<<]
[2026-04-09 21:08:40,556: INFO: common: yaml file: config/config.yaml loaded successfully]
[2026-04-09 21:08:40,559: INFO: common: yaml file: params.yaml loaded successfully]
[2026-04-09 21:08:40,559: INFO: common: created directory at: artifacts]
[2026-04-09 21:08:40,559: INFO: common: created directory at: artifacts/data_ingestion]
[2026-04-09 21:08:40,559: INFO: data_ingestion: Downloading data from https://drive.google.com/file/d/1vlhZ5c7abUKF8xXERIw6m9Te8fW7ohw3/view?usp=sharing into file artifacts/data_ingestion/data.zip]
[2026-04-09 21:08:58,882: INFO: data_ingestion: Downloaded data from https://drive.google.com/file/d/1vlhZ5c7abUKF8xXERIw6m9Te8fW7ohw3/view?usp=sharing into file artifacts/data_ingestion/data.zip]
[2026-04-09 21:08:59,270: INFO: main: >>>>>> stage Data Ingestion stage completed <<<<<<

x==========x]
[2026-04-09 21:08:59,270: INFO: main: *******************]
[2026-04-09 21:08:59,270: INFO: main: >>>>>> stage Prepare base model started <<<<<<]
[2026-04-09 21:08:59,271: INFO: common: yaml file: config/config.yaml loaded successfully]
[2026-04-09 21:08:59,271: INFO: common: yaml file: params.yaml loaded successfully]
[2026-04-09 21:08:59,271: INFO: common: created directory at: artifacts]
[2026-04-09 21:08:59,271: INFO: common: created directory at: artifacts/prepare_base_model]
[2026-04-09 21:08:59,515: WARNING: saving_utils: Compiled the loaded model, but the compiled metrics have yet to be built. `model.compile_metrics` will be empty until you train or evaluate the model.]
[2026-04-09 21:08:59,716: WARNING: optimizer: At this time, the v2.11+ optimizer `tf.keras.optimizers.SGD` runs slowly on M1/M2 Macs, please use the legacy Keras optimizer instead, located at `tf.keras.optimizers.legacy.SGD`.]
[2026-04-09 21:08:59,717: WARNING: __init__: There is a known slowdown when using v2.11+ Keras optimizers on M1/M2 Macs. Falling back to the legacy Keras optimizer, i.e., `tf.keras.optimizers.legacy.SGD`.]
[2026-04-09 21:08:59,962: INFO: main: >>>>>> stage Prepare base model completed <<<<<<

x==========x]
[2026-04-09 21:08:59,962: INFO: main: *******************]
[2026-04-09 21:08:59,962: INFO: main: >>>>>> stage Training started <<<<<<]
[2026-04-09 21:08:59,962: INFO: common: yaml file: config/config.yaml loaded successfully]
[2026-04-09 21:08:59,963: INFO: common: yaml file: params.yaml loaded successfully]
[2026-04-09 21:08:59,963: INFO: common: created directory at: artifacts]
[2026-04-09 21:08:59,963: INFO: common: created directory at: artifacts/training]
[2026-04-09 21:13:01,421: INFO: main: >>>>>> stage Data Ingestion stage started <<<<<<]
[2026-04-09 21:13:01,423: INFO: common: yaml file: config/config.yaml loaded successfully]
[2026-04-09 21:13:01,423: INFO: common: yaml file: params.yaml loaded successfully]
[2026-04-09 21:13:01,423: INFO: common: created directory at: artifacts]
[2026-04-09 21:13:01,423: INFO: common: created directory at: artifacts/data_ingestion]
[2026-04-09 21:13:01,423: INFO: data_ingestion: Downloading data from https://drive.google.com/file/d/1vlhZ5c7abUKF8xXERIw6m9Te8fW7ohw3/view?usp=sharing into file artifacts/data_ingestion/data.zip]
[2026-04-09 21:13:20,473: INFO: data_ingestion: Downloaded data from https://drive.google.com/file/d/1vlhZ5c7abUKF8xXERIw6m9Te8fW7ohw3/view?usp=sharing into file artifacts/data_ingestion/data.zip]
[2026-04-09 21:13:20,832: INFO: main: >>>>>> stage Data Ingestion stage completed <<<<<<

x==========x]
[2026-04-09 21:13:20,832: INFO: main: *******************]
[2026-04-09 21:13:20,832: INFO: main: >>>>>> stage Prepare base model started <<<<<<]
[2026-04-09 21:13:20,833: INFO: common: yaml file: config/config.yaml loaded successfully]
[2026-04-09 21:13:20,834: INFO: common: yaml file: params.yaml loaded successfully]
[2026-04-09 21:13:20,834: INFO: common: created directory at: artifacts]
[2026-04-09 21:13:20,834: INFO: common: created directory at: artifacts/prepare_base_model]
[2026-04-09 21:13:21,078: WARNING: saving_utils: Compiled the loaded model, but the compiled metrics have yet to be built. `model.compile_metrics` will be empty until you train or evaluate the model.]
[2026-04-09 21:13:21,243: WARNING: optimizer: At this time, the v2.11+ optimizer `tf.keras.optimizers.SGD` runs slowly on M1/M2 Macs, please use the legacy Keras optimizer instead, located at `tf.keras.optimizers.legacy.SGD`.]
[2026-04-09 21:13:21,245: WARNING: __init__: There is a known slowdown when using v2.11+ Keras optimizers on M1/M2 Macs. Falling back to the legacy Keras optimizer, i.e., `tf.keras.optimizers.legacy.SGD`.]
[2026-04-09 21:13:21,672: INFO: main: >>>>>> stage Prepare base model completed <<<<<<

x==========x]
[2026-04-09 21:13:21,673: INFO: main: *******************]
[2026-04-09 21:13:21,673: INFO: main: >>>>>> stage Training started <<<<<<]
[2026-04-09 21:13:21,674: INFO: common: yaml file: config/config.yaml loaded successfully]
[2026-04-09 21:13:21,674: INFO: common: yaml file: params.yaml loaded successfully]
[2026-04-09 21:13:21,674: INFO: common: created directory at: artifacts]
[2026-04-09 21:13:21,674: INFO: common: created directory at: artifacts/training]
[2026-04-09 21:13:58,231: INFO: main: >>>>>> stage Training completed <<<<<<

x==========x]
[2026-04-09 21:13:58,232: INFO: main: *******************]
[2026-04-09 21:13:58,232: INFO: main: >>>>>> stage Evaluation stage started <<<<<<]
[2026-04-09 21:13:58,233: INFO: common: yaml file: config/config.yaml loaded successfully]
[2026-04-09 21:13:58,234: INFO: common: yaml file: params.yaml loaded successfully]
[2026-04-09 21:13:58,234: INFO: common: created directory at: artifacts]
[2026-04-09 21:14:10,205: INFO: common: json file saved at: scores.json]
[2026-04-09 21:14:13,542: INFO: builder_impl: Assets written to: /var/folders/rr/ljd0ddw54pl3pqhhlymc5lkr0000gn/T/tmp1t3zt0bq/model/data/model/assets]
[2026-04-09 21:14:52,456: INFO: common: json file saved at: scores.json]
[2026-04-09 21:14:52,457: INFO: main: >>>>>> stage Evaluation stage completed <<<<<<

x==========x]
[2026-04-09 23:05:25,452: INFO: stage_01_data_ingestion: >>>>>> stage Data Ingestion stage started <<<<<<]
[2026-04-09 23:05:25,453: INFO: common: yaml file: config/config.yaml loaded successfully]
[2026-04-09 23:05:25,454: INFO: common: yaml file: params.yaml loaded successfully]
[2026-04-09 23:05:25,454: INFO: common: created directory at: artifacts]
[2026-04-09 23:05:25,454: INFO: common: created directory at: artifacts/data_ingestion]
[2026-04-09 23:05:25,454: INFO: data_ingestion: Downloading data from https://drive.google.com/file/d/1vlhZ5c7abUKF8xXERIw6m9Te8fW7ohw3/view?usp=sharing into file artifacts/data_ingestion/data.zip]
[2026-04-09 23:05:44,535: INFO: data_ingestion: Downloaded data from https://drive.google.com/file/d/1vlhZ5c7abUKF8xXERIw6m9Te8fW7ohw3/view?usp=sharing into file artifacts/data_ingestion/data.zip]
[2026-04-09 23:05:44,923: INFO: stage_01_data_ingestion: >>>>>> stage Data Ingestion stage completed <<<<<<

x==========x]
[2026-04-09 23:05:49,202: INFO: stage_02_prepare_base_model: *******************]
[2026-04-09 23:05:49,202: INFO: stage_02_prepare_base_model: >>>>>> stage Prepare base model started <<<<<<]
[2026-04-09 23:05:49,203: INFO: common: yaml file: config/config.yaml loaded successfully]
[2026-04-09 23:05:49,204: INFO: common: yaml file: params.yaml loaded successfully]
[2026-04-09 23:05:49,204: INFO: common: created directory at: artifacts]
[2026-04-09 23:05:49,204: INFO: common: created directory at: artifacts/prepare_base_model]
[2026-04-09 23:05:49,427: WARNING: saving_utils: Compiled the loaded model, but the compiled metrics have yet to be built. `model.compile_metrics` will be empty until you train or evaluate the model.]
[2026-04-09 23:05:49,687: WARNING: optimizer: At this time, the v2.11+ optimizer `tf.keras.optimizers.SGD` runs slowly on M1/M2 Macs, please use the legacy Keras optimizer instead, located at `tf.keras.optimizers.legacy.SGD`.]
[2026-04-09 23:05:49,688: WARNING: __init__: There is a known slowdown when using v2.11+ Keras optimizers on M1/M2 Macs. Falling back to the legacy Keras optimizer, i.e., `tf.keras.optimizers.legacy.SGD`.]
[2026-04-09 23:05:49,867: INFO: stage_02_prepare_base_model: >>>>>> stage Prepare base model completed <<<<<<

x==========x]
[2026-04-09 23:05:52,602: INFO: stage_03_model_training: *******************]
[2026-04-09 23:05:52,602: INFO: stage_03_model_training: >>>>>> stage Training started <<<<<<]
[2026-04-09 23:05:52,603: INFO: common: yaml file: config/config.yaml loaded successfully]
[2026-04-09 23:05:52,603: INFO: common: yaml file: params.yaml loaded successfully]
[2026-04-09 23:05:52,604: INFO: common: created directory at: artifacts]
[2026-04-09 23:05:52,604: INFO: common: created directory at: artifacts/training]
[2026-04-09 23:07:13,856: INFO: stage_03_model_training: >>>>>> stage Training completed <<<<<<

x==========x]
[2026-04-09 23:07:18,235: INFO: stage_04_model_evaluation: *******************]
[2026-04-09 23:07:18,235: INFO: stage_04_model_evaluation: >>>>>> stage Evaluation stage started <<<<<<]
[2026-04-09 23:07:18,236: INFO: common: yaml file: config/config.yaml loaded successfully]
[2026-04-09 23:07:18,237: INFO: common: yaml file: params.yaml loaded successfully]
[2026-04-09 23:07:18,237: INFO: common: created directory at: artifacts]
[2026-04-09 23:07:31,990: INFO: common: json file saved at: scores.json]
[2026-04-09 23:07:35,392: INFO: builder_impl: Assets written to: /var/folders/rr/ljd0ddw54pl3pqhhlymc5lkr0000gn/T/tmpoaum97ag/model/data/model/assets]
[2026-04-09 23:08:10,005: INFO: common: json file saved at: scores.json]
[2026-04-09 23:08:10,006: INFO: stage_04_model_evaluation: >>>>>> stage Evaluation stage completed <<<<<<

x==========x]
[2026-04-09 23:32:54,731: INFO: _internal: [31m[1mWARNING: This is a development server. Do not use it in a production deployment. Use a production WSGI server instead.[0m
 * Running on all addresses (0.0.0.0)
 * Running on http://127.0.0.1:8080
 * Running on http://192.168.29.232:8080]
[2026-04-09 23:32:54,731: INFO: _internal: [33mPress CTRL+C to quit[0m]
[2026-04-09 23:32:59,666: INFO: _internal: 127.0.0.1 - - [09/Apr/2026 23:32:59] "GET / HTTP/1.1" 200 -]
[2026-04-09 23:33:57,115: ERROR: app: Exception on /predict [POST]]
Traceback (most recent call last):
  File "/opt/homebrew/lib/python3.11/site-packages/flask/app.py", line 2190, in wsgi_app
    response = self.full_dispatch_request()
               ^^^^^^^^^^^^^^^^^^^^^^^^^^^^
  File "/opt/homebrew/lib/python3.11/site-packages/flask/app.py", line 1486, in full_dispatch_request
    rv = self.handle_user_exception(e)
         ^^^^^^^^^^^^^^^^^^^^^^^^^^^^^
  File "/opt/homebrew/lib/python3.11/site-packages/flask_cors/extension.py", line 176, in wrapped_function
    return cors_after_request(app.make_response(f(*args, **kwargs)))
                                                ^^^^^^^^^^^^^^^^^^
  File "/opt/homebrew/lib/python3.11/site-packages/flask/app.py", line 1484, in full_dispatch_request
    rv = self.dispatch_request()
         ^^^^^^^^^^^^^^^^^^^^^^^
  File "/opt/homebrew/lib/python3.11/site-packages/flask/app.py", line 1469, in dispatch_request
    return self.ensure_sync(self.view_functions[rule.endpoint])(**view_args)
           ^^^^^^^^^^^^^^^^^^^^^^^^^^^^^^^^^^^^^^^^^^^^^^^^^^^^^^^^^^^^^^^^^
  File "/opt/homebrew/lib/python3.11/site-packages/flask_cors/decorator.py", line 130, in wrapped_function
    resp = make_response(f(*args, **kwargs))
                         ^^^^^^^^^^^^^^^^^^
  File "/Users/priyankasuri/Desktop/Deep-Learning-Projects/Kidney-disease-mlops-project/app.py", line 44, in predictRoute
    result = clApp.classifier.predict()
             ^^^^^^^^^^^^^^^^^^^^^^^^^^
  File "/Users/priyankasuri/Desktop/Deep-Learning-Projects/Kidney-disease-mlops-project/src/cnnClassifier/pipeline/prediction.py", line 16, in predict
    model = load_model(os.path.join("model", "model.h5"))
            ^^^^^^^^^^^^^^^^^^^^^^^^^^^^^^^^^^^^^^^^^^^^^
  File "/opt/homebrew/lib/python3.11/site-packages/keras/saving/saving_api.py", line 212, in load_model
    return legacy_sm_saving_lib.load_model(
           ^^^^^^^^^^^^^^^^^^^^^^^^^^^^^^^^
  File "/opt/homebrew/lib/python3.11/site-packages/keras/utils/traceback_utils.py", line 70, in error_handler
    raise e.with_traceback(filtered_tb) from None
  File "/opt/homebrew/lib/python3.11/site-packages/keras/saving/legacy/save.py", line 230, in load_model
    raise IOError(
OSError: No file or directory found at model/model.h5
[2026-04-09 23:33:57,131: INFO: _internal: 127.0.0.1 - - [09/Apr/2026 23:33:57] "[35m[1mPOST /predict HTTP/1.1[0m" 500 -]
[2026-04-09 23:36:05,421: INFO: _internal: [31m[1mWARNING: This is a development server. Do not use it in a production deployment. Use a production WSGI server instead.[0m
 * Running on all addresses (0.0.0.0)
 * Running on http://127.0.0.1:8080
 * Running on http://192.168.29.232:8080]
[2026-04-09 23:36:05,421: INFO: _internal: [33mPress CTRL+C to quit[0m]
[2026-04-09 23:36:10,495: INFO: _internal: 127.0.0.1 - - [09/Apr/2026 23:36:10] "GET / HTTP/1.1" 200 -]
[2026-04-09 23:36:15,857: ERROR: app: Exception on /predict [POST]]
Traceback (most recent call last):
  File "/opt/homebrew/lib/python3.11/site-packages/flask/app.py", line 2190, in wsgi_app
    response = self.full_dispatch_request()
               ^^^^^^^^^^^^^^^^^^^^^^^^^^^^
  File "/opt/homebrew/lib/python3.11/site-packages/flask/app.py", line 1486, in full_dispatch_request
    rv = self.handle_user_exception(e)
         ^^^^^^^^^^^^^^^^^^^^^^^^^^^^^
  File "/opt/homebrew/lib/python3.11/site-packages/flask_cors/extension.py", line 176, in wrapped_function
    return cors_after_request(app.make_response(f(*args, **kwargs)))
                                                ^^^^^^^^^^^^^^^^^^
  File "/opt/homebrew/lib/python3.11/site-packages/flask/app.py", line 1484, in full_dispatch_request
    rv = self.dispatch_request()
         ^^^^^^^^^^^^^^^^^^^^^^^
  File "/opt/homebrew/lib/python3.11/site-packages/flask/app.py", line 1469, in dispatch_request
    return self.ensure_sync(self.view_functions[rule.endpoint])(**view_args)
           ^^^^^^^^^^^^^^^^^^^^^^^^^^^^^^^^^^^^^^^^^^^^^^^^^^^^^^^^^^^^^^^^^
  File "/opt/homebrew/lib/python3.11/site-packages/flask_cors/decorator.py", line 130, in wrapped_function
    resp = make_response(f(*args, **kwargs))
                         ^^^^^^^^^^^^^^^^^^
  File "/Users/priyankasuri/Desktop/Deep-Learning-Projects/Kidney-disease-mlops-project/app.py", line 44, in predictRoute
    result = clApp.classifier.predict()
             ^^^^^^^^^^^^^^^^^^^^^^^^^^
  File "/Users/priyankasuri/Desktop/Deep-Learning-Projects/Kidney-disease-mlops-project/src/cnnClassifier/pipeline/prediction.py", line 16, in predict
    model = load_model(os.path.join("model", "model.h5"))
            ^^^^^^^^^^^^^^^^^^^^^^^^^^^^^^^^^^^^^^^^^^^^^
  File "/opt/homebrew/lib/python3.11/site-packages/keras/saving/saving_api.py", line 212, in load_model
    return legacy_sm_saving_lib.load_model(
           ^^^^^^^^^^^^^^^^^^^^^^^^^^^^^^^^
  File "/opt/homebrew/lib/python3.11/site-packages/keras/utils/traceback_utils.py", line 70, in error_handler
    raise e.with_traceback(filtered_tb) from None
  File "/opt/homebrew/lib/python3.11/site-packages/keras/saving/legacy/save.py", line 230, in load_model
    raise IOError(
OSError: No file or directory found at model/model.h5
[2026-04-09 23:36:15,865: INFO: _internal: 127.0.0.1 - - [09/Apr/2026 23:36:15] "[35m[1mPOST /predict HTTP/1.1[0m" 500 -]
[2026-04-09 23:39:00,508: INFO: _internal: 127.0.0.1 - - [09/Apr/2026 23:39:00] "GET / HTTP/1.1" 200 -]
[2026-04-09 23:39:06,135: ERROR: app: Exception on /predict [POST]]
Traceback (most recent call last):
  File "/opt/homebrew/lib/python3.11/site-packages/flask/app.py", line 2190, in wsgi_app
    response = self.full_dispatch_request()
               ^^^^^^^^^^^^^^^^^^^^^^^^^^^^
  File "/opt/homebrew/lib/python3.11/site-packages/flask/app.py", line 1486, in full_dispatch_request
    rv = self.handle_user_exception(e)
         ^^^^^^^^^^^^^^^^^^^^^^^^^^^^^
  File "/opt/homebrew/lib/python3.11/site-packages/flask_cors/extension.py", line 176, in wrapped_function
    return cors_after_request(app.make_response(f(*args, **kwargs)))
                                                ^^^^^^^^^^^^^^^^^^
  File "/opt/homebrew/lib/python3.11/site-packages/flask/app.py", line 1484, in full_dispatch_request
    rv = self.dispatch_request()
         ^^^^^^^^^^^^^^^^^^^^^^^
  File "/opt/homebrew/lib/python3.11/site-packages/flask/app.py", line 1469, in dispatch_request
    return self.ensure_sync(self.view_functions[rule.endpoint])(**view_args)
           ^^^^^^^^^^^^^^^^^^^^^^^^^^^^^^^^^^^^^^^^^^^^^^^^^^^^^^^^^^^^^^^^^
  File "/opt/homebrew/lib/python3.11/site-packages/flask_cors/decorator.py", line 130, in wrapped_function
    resp = make_response(f(*args, **kwargs))
                         ^^^^^^^^^^^^^^^^^^
  File "/Users/priyankasuri/Desktop/Deep-Learning-Projects/Kidney-disease-mlops-project/app.py", line 44, in predictRoute
    result = clApp.classifier.predict()
             ^^^^^^^^^^^^^^^^^^^^^^^^^^
  File "/Users/priyankasuri/Desktop/Deep-Learning-Projects/Kidney-disease-mlops-project/src/cnnClassifier/pipeline/prediction.py", line 16, in predict
    model = load_model(os.path.join("model", "model.h5"))
            ^^^^^^^^^^^^^^^^^^^^^^^^^^^^^^^^^^^^^^^^^^^^^
  File "/opt/homebrew/lib/python3.11/site-packages/keras/saving/saving_api.py", line 212, in load_model
    return legacy_sm_saving_lib.load_model(
           ^^^^^^^^^^^^^^^^^^^^^^^^^^^^^^^^
  File "/opt/homebrew/lib/python3.11/site-packages/keras/utils/traceback_utils.py", line 70, in error_handler
    raise e.with_traceback(filtered_tb) from None
  File "/opt/homebrew/lib/python3.11/site-packages/keras/saving/legacy/save.py", line 230, in load_model
    raise IOError(
OSError: No file or directory found at model/model.h5
[2026-04-09 23:39:06,141: INFO: _internal: 127.0.0.1 - - [09/Apr/2026 23:39:06] "[35m[1mPOST /predict HTTP/1.1[0m" 500 -]
[2026-04-09 23:49:02,499: INFO: _internal: [31m[1mWARNING: This is a development server. Do not use it in a production deployment. Use a production WSGI server instead.[0m
 * Running on all addresses (0.0.0.0)
 * Running on http://127.0.0.1:8080
 * Running on http://192.168.29.232:8080]
[2026-04-09 23:49:02,499: INFO: _internal: [33mPress CTRL+C to quit[0m]
[2026-04-09 23:49:05,541: INFO: _internal: 127.0.0.1 - - [09/Apr/2026 23:49:05] "GET / HTTP/1.1" 200 -]
[2026-04-09 23:49:13,145: INFO: _internal: 127.0.0.1 - - [09/Apr/2026 23:49:13] "POST /predict HTTP/1.1" 200 -]
[2026-04-09 23:49:24,747: INFO: _internal: 127.0.0.1 - - [09/Apr/2026 23:49:24] "POST /predict HTTP/1.1" 200 -]
[2026-04-09 23:49:34,307: INFO: _internal: 127.0.0.1 - - [09/Apr/2026 23:49:34] "POST /predict HTTP/1.1" 200 -]
[2026-04-09 23:50:01,292: INFO: _internal: 127.0.0.1 - - [09/Apr/2026 23:50:01] "POST /predict HTTP/1.1" 200 -]
[2026-04-09 23:59:25,662: WARNING: polymorphic_function: 5 out of the last 5 calls to <function Model.make_predict_function.<locals>.predict_function at 0x17fc864d0> triggered tf.function retracing. Tracing is expensive and the excessive number of tracings could be due to (1) creating @tf.function repeatedly in a loop, (2) passing tensors with different shapes, (3) passing Python objects instead of tensors. For (1), please define your @tf.function outside of the loop. For (2), @tf.function has reduce_retracing=True option that can avoid unnecessary retracing. For (3), please refer to https://www.tensorflow.org/guide/function#controlling_retracing and https://www.tensorflow.org/api_docs/python/tf/function for  more details.]
[2026-04-09 23:59:25,669: INFO: _internal: 127.0.0.1 - - [09/Apr/2026 23:59:25] "POST /predict HTTP/1.1" 200 -]
[2026-04-10 00:13:59,404: WARNING: polymorphic_function: 6 out of the last 6 calls to <function Model.make_predict_function.<locals>.predict_function at 0x17fc867a0> triggered tf.function retracing. Tracing is expensive and the excessive number of tracings could be due to (1) creating @tf.function repeatedly in a loop, (2) passing tensors with different shapes, (3) passing Python objects instead of tensors. For (1), please define your @tf.function outside of the loop. For (2), @tf.function has reduce_retracing=True option that can avoid unnecessary retracing. For (3), please refer to https://www.tensorflow.org/guide/function#controlling_retracing and https://www.tensorflow.org/api_docs/python/tf/function for  more details.]
[2026-04-10 00:13:59,410: INFO: _internal: 127.0.0.1 - - [10/Apr/2026 00:13:59] "POST /predict HTTP/1.1" 200 -]
[2026-04-10 00:22:53,799: INFO: _internal: [31m[1mWARNING: This is a development server. Do not use it in a production deployment. Use a production WSGI server instead.[0m
 * Running on all addresses (0.0.0.0)
 * Running on http://127.0.0.1:8080
 * Running on http://192.168.29.232:8080]
[2026-04-10 00:22:53,800: INFO: _internal: [33mPress CTRL+C to quit[0m]
[2026-04-10 00:22:55,567: INFO: _internal: 127.0.0.1 - - [10/Apr/2026 00:22:55] "GET / HTTP/1.1" 200 -]
[2026-04-10 00:23:04,604: INFO: _internal: 127.0.0.1 - - [10/Apr/2026 00:23:04] "POST /predict HTTP/1.1" 200 -]
[2026-04-10 00:34:13,913: INFO: _internal: 127.0.0.1 - - [10/Apr/2026 00:34:13] "POST /predict HTTP/1.1" 200 -]
[2026-04-10 00:34:28,955: INFO: _internal: 127.0.0.1 - - [10/Apr/2026 00:34:28] "POST /predict HTTP/1.1" 200 -]
[2026-04-10 00:34:42,364: INFO: _internal: [31m[1mWARNING: This is a development server. Do not use it in a production deployment. Use a production WSGI server instead.[0m
 * Running on all addresses (0.0.0.0)
 * Running on http://127.0.0.1:8080
 * Running on http://192.168.29.232:8080]
[2026-04-10 00:34:42,364: INFO: _internal: [33mPress CTRL+C to quit[0m]
[2026-04-10 00:34:44,890: INFO: _internal: 127.0.0.1 - - [10/Apr/2026 00:34:44] "GET / HTTP/1.1" 200 -]
[2026-04-10 00:34:51,873: INFO: _internal: 127.0.0.1 - - [10/Apr/2026 00:34:51] "POST /predict HTTP/1.1" 200 -]
[2026-04-10 00:35:00,679: INFO: _internal: 127.0.0.1 - - [10/Apr/2026 00:35:00] "POST /predict HTTP/1.1" 200 -]
[2026-04-10 00:35:12,154: INFO: _internal: [31m[1mWARNING: This is a development server. Do not use it in a production deployment. Use a production WSGI server instead.[0m
 * Running on all addresses (0.0.0.0)
 * Running on http://127.0.0.1:8080
 * Running on http://192.168.29.232:8080]
[2026-04-10 00:35:12,154: INFO: _internal: [33mPress CTRL+C to quit[0m]
[2026-04-10 00:35:13,559: INFO: _internal: 127.0.0.1 - - [10/Apr/2026 00:35:13] "GET / HTTP/1.1" 200 -]
[2026-04-10 00:35:19,896: INFO: _internal: 127.0.0.1 - - [10/Apr/2026 00:35:19] "POST /predict HTTP/1.1" 200 -]
[2026-04-10 00:39:45,163: INFO: stage_04_model_evaluation: *******************]
[2026-04-10 00:39:45,164: INFO: stage_04_model_evaluation: >>>>>> stage Evaluation stage started <<<<<<]
[2026-04-10 00:39:45,165: INFO: common: yaml file: config/config.yaml loaded successfully]
[2026-04-10 00:39:45,165: INFO: common: yaml file: params.yaml loaded successfully]
[2026-04-10 00:39:45,166: INFO: common: created directory at: artifacts]
[2026-04-10 00:39:56,819: INFO: common: json file saved at: scores.json]
[2026-04-10 00:39:57,877: ERROR: stage_04_model_evaluation: API request to endpoint /api/2.0/mlflow/runs/create failed with error code 401 != 200. Response body: '=============== ATTENTION! ===============

To use authentication, you must first: 
    Get your default access token from: https://dagshub.com/user/settings/tokens
    OR 
    Set a password: https://dagshub.com/user/settings/password 
==========================================']
Traceback (most recent call last):
  File "/Users/priyankasuri/Desktop/Deep-Learning-Projects/Kidney-disease-mlops-project/src/cnnClassifier/pipeline/stage_04_model_evaluation.py", line 30, in <module>
    obj.main()
  File "/Users/priyankasuri/Desktop/Deep-Learning-Projects/Kidney-disease-mlops-project/src/cnnClassifier/pipeline/stage_04_model_evaluation.py", line 18, in main
    evaluation.evaluation()
  File "/Users/priyankasuri/Desktop/Deep-Learning-Projects/Kidney-disease-mlops-project/src/cnnClassifier/components/model_evaluation_mlflow.py", line 50, in evaluation
    self.log_into_mlflow()   # ✅ ADD THIS LINE
    ^^^^^^^^^^^^^^^^^^^^^^
  File "/Users/priyankasuri/Desktop/Deep-Learning-Projects/Kidney-disease-mlops-project/src/cnnClassifier/components/model_evaluation_mlflow.py", line 61, in log_into_mlflow
    with mlflow.start_run():
         ^^^^^^^^^^^^^^^^^^
  File "/opt/homebrew/lib/python3.11/site-packages/mlflow/tracking/fluent.py", line 365, in start_run
    active_run_obj = client.create_run(
                     ^^^^^^^^^^^^^^^^^^
  File "/opt/homebrew/lib/python3.11/site-packages/mlflow/tracking/client.py", line 327, in create_run
    return self._tracking_client.create_run(experiment_id, start_time, tags, run_name)
           ^^^^^^^^^^^^^^^^^^^^^^^^^^^^^^^^^^^^^^^^^^^^^^^^^^^^^^^^^^^^^^^^^^^^^^^^^^^
  File "/opt/homebrew/lib/python3.11/site-packages/mlflow/tracking/_tracking_service/client.py", line 131, in create_run
    return self.store.create_run(
           ^^^^^^^^^^^^^^^^^^^^^^
  File "/opt/homebrew/lib/python3.11/site-packages/mlflow/store/tracking/rest_store.py", line 178, in create_run
    response_proto = self._call_endpoint(CreateRun, req_body)
                     ^^^^^^^^^^^^^^^^^^^^^^^^^^^^^^^^^^^^^^^^
  File "/opt/homebrew/lib/python3.11/site-packages/mlflow/store/tracking/rest_store.py", line 59, in _call_endpoint
    return call_endpoint(self.get_host_creds(), endpoint, method, json_body, response_proto)
           ^^^^^^^^^^^^^^^^^^^^^^^^^^^^^^^^^^^^^^^^^^^^^^^^^^^^^^^^^^^^^^^^^^^^^^^^^^^^^^^^^
  File "/opt/homebrew/lib/python3.11/site-packages/mlflow/utils/rest_utils.py", line 202, in call_endpoint
    response = verify_rest_response(response, endpoint)
               ^^^^^^^^^^^^^^^^^^^^^^^^^^^^^^^^^^^^^^^^
  File "/opt/homebrew/lib/python3.11/site-packages/mlflow/utils/rest_utils.py", line 140, in verify_rest_response
    raise MlflowException(
mlflow.exceptions.MlflowException: API request to endpoint /api/2.0/mlflow/runs/create failed with error code 401 != 200. Response body: '=============== ATTENTION! ===============

To use authentication, you must first: 
    Get your default access token from: https://dagshub.com/user/settings/tokens
    OR 
    Set a password: https://dagshub.com/user/settings/password 
=========================================='
[2026-04-10 00:41:57,081: INFO: stage_04_model_evaluation: *******************]
[2026-04-10 00:41:57,082: INFO: stage_04_model_evaluation: >>>>>> stage Evaluation stage started <<<<<<]
[2026-04-10 00:41:57,083: INFO: common: yaml file: config/config.yaml loaded successfully]
[2026-04-10 00:41:57,083: INFO: common: yaml file: params.yaml loaded successfully]
[2026-04-10 00:41:57,083: INFO: common: created directory at: artifacts]
[2026-04-10 00:42:10,080: INFO: common: json file saved at: scores.json]
[2026-04-10 00:42:13,275: INFO: builder_impl: Assets written to: /var/folders/rr/ljd0ddw54pl3pqhhlymc5lkr0000gn/T/tmp51qrz51o/model/data/model/assets]
[2026-04-10 00:43:01,368: INFO: common: json file saved at: scores.json]
[2026-04-10 00:43:03,321: INFO: builder_impl: Assets written to: /var/folders/rr/ljd0ddw54pl3pqhhlymc5lkr0000gn/T/tmpog42r187/model/data/model/assets]
[2026-04-10 00:43:43,249: INFO: stage_04_model_evaluation: >>>>>> stage Evaluation stage completed <<<<<<

x==========x]
[2026-04-10 00:44:34,595: INFO: _internal: [31m[1mWARNING: This is a development server. Do not use it in a production deployment. Use a production WSGI server instead.[0m
 * Running on all addresses (0.0.0.0)
 * Running on http://127.0.0.1:8080
 * Running on http://192.168.29.232:8080]
[2026-04-10 00:44:34,596: INFO: _internal: [33mPress CTRL+C to quit[0m]
[2026-04-10 00:44:37,136: INFO: _internal: 127.0.0.1 - - [10/Apr/2026 00:44:37] "GET / HTTP/1.1" 200 -]
[2026-04-10 00:45:03,109: INFO: _internal: 127.0.0.1 - - [10/Apr/2026 00:45:03] "POST /predict HTTP/1.1" 200 -]
[2026-04-10 00:45:10,432: INFO: _internal: 127.0.0.1 - - [10/Apr/2026 00:45:10] "POST /predict HTTP/1.1" 200 -]
[2026-04-10 00:48:42,004: INFO: _internal: 127.0.0.1 - - [10/Apr/2026 00:48:42] "POST /predict HTTP/1.1" 200 -]
[2026-04-10 00:48:52,314: INFO: _internal: 127.0.0.1 - - [10/Apr/2026 00:48:52] "POST /predict HTTP/1.1" 200 -]
[2026-04-10 09:24:02,132: INFO: _internal: [31m[1mWARNING: This is a development server. Do not use it in a production deployment. Use a production WSGI server instead.[0m
 * Running on all addresses (0.0.0.0)
 * Running on http://127.0.0.1:5001
 * Running on http://192.0.0.2:5001]
[2026-04-10 09:24:02,136: INFO: _internal: [33mPress CTRL+C to quit[0m]
[2026-04-10 09:24:04,784: INFO: _internal: 127.0.0.1 - - [10/Apr/2026 09:24:04] "GET / HTTP/1.1" 200 -]
[2026-04-10 09:24:18,323: INFO: _internal: 127.0.0.1 - - [10/Apr/2026 09:24:18] "POST /predict HTTP/1.1" 200 -]
[2026-04-10 09:30:39,962: INFO: _internal: [31m[1mWARNING: This is a development server. Do not use it in a production deployment. Use a production WSGI server instead.[0m
 * Running on all addresses (0.0.0.0)
 * Running on http://127.0.0.1:5001
 * Running on http://192.0.0.2:5001]
[2026-04-10 09:30:39,962: INFO: _internal: [33mPress CTRL+C to quit[0m]
[2026-04-10 09:30:47,627: INFO: _internal: 127.0.0.1 - - [10/Apr/2026 09:30:47] "GET / HTTP/1.1" 200 -]
[2026-04-10 09:30:54,070: INFO: _internal: 127.0.0.1 - - [10/Apr/2026 09:30:54] "POST /predict HTTP/1.1" 200 -]
[2026-04-10 09:35:34,439: INFO: _internal: [31m[1mWARNING: This is a development server. Do not use it in a production deployment. Use a production WSGI server instead.[0m
 * Running on all addresses (0.0.0.0)
 * Running on http://127.0.0.1:5001
 * Running on http://192.0.0.2:5001]
[2026-04-10 09:35:34,440: INFO: _internal: [33mPress CTRL+C to quit[0m]
[2026-04-10 09:35:35,836: INFO: _internal: 127.0.0.1 - - [10/Apr/2026 09:35:35] "GET / HTTP/1.1" 200 -]
[2026-04-10 09:35:40,137: INFO: _internal: 127.0.0.1 - - [10/Apr/2026 09:35:40] "POST /predict HTTP/1.1" 200 -]
[2026-04-10 10:17:00,916: INFO: _internal: [31m[1mWARNING: This is a development server. Do not use it in a production deployment. Use a production WSGI server instead.[0m
 * Running on all addresses (0.0.0.0)
 * Running on http://127.0.0.1:5001
 * Running on http://10.104.0.238:5001]
[2026-04-10 10:17:00,917: INFO: _internal: [33mPress CTRL+C to quit[0m]
[2026-04-10 10:17:02,656: INFO: _internal: 127.0.0.1 - - [10/Apr/2026 10:17:02] "GET / HTTP/1.1" 200 -]
[2026-04-10 10:17:09,284: INFO: _internal: 127.0.0.1 - - [10/Apr/2026 10:17:09] "POST /predict HTTP/1.1" 200 -]
[2026-04-10 10:17:39,952: INFO: _internal: 127.0.0.1 - - [10/Apr/2026 10:17:39] "POST /predict HTTP/1.1" 200 -]
[2026-04-10 11:24:36,672: INFO: _internal: [31m[1mWARNING: This is a development server. Do not use it in a production deployment. Use a production WSGI server instead.[0m
 * Running on all addresses (0.0.0.0)
 * Running on http://127.0.0.1:5001
 * Running on http://10.104.0.238:5001]
[2026-04-10 11:24:36,672: INFO: _internal: [33mPress CTRL+C to quit[0m]
[2026-04-10 11:24:39,616: INFO: _internal: 127.0.0.1 - - [10/Apr/2026 11:24:39] "GET / HTTP/1.1" 200 -]
[2026-04-10 11:24:43,607: ERROR: app: Exception on /predict [POST]]
Traceback (most recent call last):
  File "/opt/homebrew/lib/python3.11/site-packages/flask/app.py", line 2190, in wsgi_app
    response = self.full_dispatch_request()
               ^^^^^^^^^^^^^^^^^^^^^^^^^^^^
  File "/opt/homebrew/lib/python3.11/site-packages/flask/app.py", line 1486, in full_dispatch_request
    rv = self.handle_user_exception(e)
         ^^^^^^^^^^^^^^^^^^^^^^^^^^^^^
  File "/opt/homebrew/lib/python3.11/site-packages/flask_cors/extension.py", line 176, in wrapped_function
    return cors_after_request(app.make_response(f(*args, **kwargs)))
                                                ^^^^^^^^^^^^^^^^^^
  File "/opt/homebrew/lib/python3.11/site-packages/flask/app.py", line 1484, in full_dispatch_request
    rv = self.dispatch_request()
         ^^^^^^^^^^^^^^^^^^^^^^^
  File "/opt/homebrew/lib/python3.11/site-packages/flask/app.py", line 1469, in dispatch_request
    return self.ensure_sync(self.view_functions[rule.endpoint])(**view_args)
           ^^^^^^^^^^^^^^^^^^^^^^^^^^^^^^^^^^^^^^^^^^^^^^^^^^^^^^^^^^^^^^^^^
  File "/opt/homebrew/lib/python3.11/site-packages/flask_cors/decorator.py", line 130, in wrapped_function
    resp = make_response(f(*args, **kwargs))
                         ^^^^^^^^^^^^^^^^^^
  File "/Users/priyankasuri/Desktop/Deep-Learning-Projects/Kidney-disease-mlops-project/app.py", line 38, in predictRoute
    result = classifier.predict()
             ^^^^^^^^^^^^^^^^^^^^
  File "/Users/priyankasuri/Desktop/Deep-Learning-Projects/Kidney-disease-mlops-project/src/cnnClassifier/pipeline/prediction.py", line 22, in predict
    model = load_model(model_path)
            ^^^^^^^^^^^^^^^^^^^^^^
  File "/opt/homebrew/lib/python3.11/site-packages/keras/src/saving/saving_api.py", line 238, in load_model
    return legacy_sm_saving_lib.load_model(
           ^^^^^^^^^^^^^^^^^^^^^^^^^^^^^^^^
  File "/opt/homebrew/lib/python3.11/site-packages/keras/src/utils/traceback_utils.py", line 70, in error_handler
    raise e.with_traceback(filtered_tb) from None
  File "/opt/homebrew/lib/python3.11/site-packages/keras/src/saving/legacy/save.py", line 234, in load_model
    raise IOError(
OSError: No file or directory found at KIDNEY-DISEASE-MLOPS-PROJECT/model/model.h5
[2026-04-10 11:24:43,619: INFO: _internal: 127.0.0.1 - - [10/Apr/2026 11:24:43] "[35m[1mPOST /predict HTTP/1.1[0m" 500 -]
[2026-04-10 11:25:15,301: INFO: _internal: [31m[1mWARNING: This is a development server. Do not use it in a production deployment. Use a production WSGI server instead.[0m
 * Running on all addresses (0.0.0.0)
 * Running on http://127.0.0.1:5001
 * Running on http://10.104.0.238:5001]
[2026-04-10 11:25:15,301: INFO: _internal: [33mPress CTRL+C to quit[0m]
[2026-04-10 11:25:20,134: INFO: _internal: 127.0.0.1 - - [10/Apr/2026 11:25:20] "GET / HTTP/1.1" 200 -]
[2026-04-10 11:25:26,317: INFO: _internal: 127.0.0.1 - - [10/Apr/2026 11:25:26] "POST /predict HTTP/1.1" 200 -]
